Archive member included because of file (symbol)

../../deps/mbed/Release/NXP_LPC1347/mbed.a(assert.o)
                              (--whole-archive)
../../deps/mbed/Release/NXP_LPC1347/mbed.a(board.o)
                              (--whole-archive)
../../deps/mbed/Release/NXP_LPC1347/mbed.a(error.o)
                              (--whole-archive)
../../deps/mbed/Release/NXP_LPC1347/mbed.a(gpio.o)
                              (--whole-archive)
../../deps/mbed/Release/NXP_LPC1347/mbed.a(lp_ticker_api.o)
                              (--whole-archive)
../../deps/mbed/Release/NXP_LPC1347/mbed.a(mbed_interface.o)
                              (--whole-archive)
../../deps/mbed/Release/NXP_LPC1347/mbed.a(pinmap_common.o)
                              (--whole-archive)
../../deps/mbed/Release/NXP_LPC1347/mbed.a(rtc_time.o)
                              (--whole-archive)
../../deps/mbed/Release/NXP_LPC1347/mbed.a(semihost_api.o)
                              (--whole-archive)
../../deps/mbed/Release/NXP_LPC1347/mbed.a(ticker_api.o)
                              (--whole-archive)
../../deps/mbed/Release/NXP_LPC1347/mbed.a(us_ticker_api.o)
                              (--whole-archive)
../../deps/mbed/Release/NXP_LPC1347/mbed.a(wait_api.o)
                              (--whole-archive)
../../deps/mbed/Release/NXP_LPC1347/mbed.a(cmsis_nvic.o)
                              (--whole-archive)
../../deps/mbed/Release/NXP_LPC1347/mbed.a(system_LPC13Uxx.o)
                              (--whole-archive)
../../deps/mbed/Release/NXP_LPC1347/mbed.a(analogin_api.o)
                              (--whole-archive)
../../deps/mbed/Release/NXP_LPC1347/mbed.a(gpio_api.o)
                              (--whole-archive)
../../deps/mbed/Release/NXP_LPC1347/mbed.a(gpio_irq_api.o)
                              (--whole-archive)
../../deps/mbed/Release/NXP_LPC1347/mbed.a(i2c_api.o)
                              (--whole-archive)
../../deps/mbed/Release/NXP_LPC1347/mbed.a(pinmap.o)
                              (--whole-archive)
../../deps/mbed/Release/NXP_LPC1347/mbed.a(port_api.o)
                              (--whole-archive)
../../deps/mbed/Release/NXP_LPC1347/mbed.a(pwmout_api.o)
                              (--whole-archive)
../../deps/mbed/Release/NXP_LPC1347/mbed.a(serial_api.o)
                              (--whole-archive)
../../deps/mbed/Release/NXP_LPC1347/mbed.a(sleep.o)
                              (--whole-archive)
../../deps/mbed/Release/NXP_LPC1347/mbed.a(spi_api.o)
                              (--whole-archive)
../../deps/mbed/Release/NXP_LPC1347/mbed.a(us_ticker.o)
                              (--whole-archive)
../../deps/mbed/Release/NXP_LPC1347/mbed.a(BusIn.o)
                              (--whole-archive)
../../deps/mbed/Release/NXP_LPC1347/mbed.a(BusInOut.o)
                              (--whole-archive)
../../deps/mbed/Release/NXP_LPC1347/mbed.a(BusOut.o)
                              (--whole-archive)
../../deps/mbed/Release/NXP_LPC1347/mbed.a(CallChain.o)
                              (--whole-archive)
../../deps/mbed/Release/NXP_LPC1347/mbed.a(CAN.o)
                              (--whole-archive)
../../deps/mbed/Release/NXP_LPC1347/mbed.a(Ethernet.o)
                              (--whole-archive)
../../deps/mbed/Release/NXP_LPC1347/mbed.a(FileBase.o)
                              (--whole-archive)
../../deps/mbed/Release/NXP_LPC1347/mbed.a(FileLike.o)
                              (--whole-archive)
../../deps/mbed/Release/NXP_LPC1347/mbed.a(FilePath.o)
                              (--whole-archive)
../../deps/mbed/Release/NXP_LPC1347/mbed.a(FileSystemLike.o)
                              (--whole-archive)
../../deps/mbed/Release/NXP_LPC1347/mbed.a(I2C.o)
                              (--whole-archive)
../../deps/mbed/Release/NXP_LPC1347/mbed.a(I2CSlave.o)
                              (--whole-archive)
../../deps/mbed/Release/NXP_LPC1347/mbed.a(InterruptIn.o)
                              (--whole-archive)
../../deps/mbed/Release/NXP_LPC1347/mbed.a(InterruptManager.o)
                              (--whole-archive)
../../deps/mbed/Release/NXP_LPC1347/mbed.a(LocalFileSystem.o)
                              (--whole-archive)
../../deps/mbed/Release/NXP_LPC1347/mbed.a(RawSerial.o)
                              (--whole-archive)
../../deps/mbed/Release/NXP_LPC1347/mbed.a(retarget.o)
                              (--whole-archive)
../../deps/mbed/Release/NXP_LPC1347/mbed.a(Serial.o)
                              (--whole-archive)
../../deps/mbed/Release/NXP_LPC1347/mbed.a(SerialBase.o)
                              (--whole-archive)
../../deps/mbed/Release/NXP_LPC1347/mbed.a(SPI.o)
                              (--whole-archive)
../../deps/mbed/Release/NXP_LPC1347/mbed.a(SPISlave.o)
                              (--whole-archive)
../../deps/mbed/Release/NXP_LPC1347/mbed.a(Stream.o)
                              (--whole-archive)
../../deps/mbed/Release/NXP_LPC1347/mbed.a(Ticker.o)
[...]
Memory Configuration

Name             Origin             Length             Attributes
FLASH            0x00000000         0x00010000         xr
RAM              0x100000c0         0x00001f40         xrw
RAM1             0x20000000         0x00000800         xrw
USB_RAM          0x20004000         0x00000800         xrw
*default*        0x00000000         0xffffffff

Linker script and memory map

LOAD d:/sourcecontrol/gitrepos/gbd.embedded.dotmbed/deps/gcc-arm-none-eabi/bin/../lib/gcc/arm-none-eabi/4.9.3/armv7-m/crti.o
LOAD d:/sourcecontrol/gitrepos/gbd.embedded.dotmbed/deps/gcc-arm-none-eabi/bin/../lib/gcc/arm-none-eabi/4.9.3/armv7-m/crtbegin.o
LOAD LPC1347/main.o
LOAD LPC1347/gcc4mbed.o
LOAD ../../deps/mbed/Release/NXP_LPC1347/mbed.a
LOAD d:/sourcecontrol/gitrepos/gbd.embedded.dotmbed/deps/gcc-arm-none-eabi/bin/../lib/gcc/arm-none-eabi/4.9.3/../../../../arm-none-eabi/lib/armv7-m\libstdc++_nano.a
LOAD d:/sourcecontrol/gitrepos/gbd.embedded.dotmbed/deps/gcc-arm-none-eabi/bin/../lib/gcc/arm-none-eabi/4.9.3/../../../../arm-none-eabi/lib/armv7-m\libsupc++_nano.a
LOAD d:/sourcecontrol/gitrepos/gbd.embedded.dotmbed/deps/gcc-arm-none-eabi/bin/../lib/gcc/arm-none-eabi/4.9.3/armv7-m\libgcc.a
LOAD d:/sourcecontrol/gitrepos/gbd.embedded.dotmbed/deps/gcc-arm-none-eabi/bin/../lib/gcc/arm-none-eabi/4.9.3/armv7-m\libgcc.a
LOAD d:/sourcecontrol/gitrepos/gbd.embedded.dotmbed/deps/gcc-arm-none-eabi/bin/../lib/gcc/arm-none-eabi/4.9.3/../../../../arm-none-eabi/lib/armv7-m\libc_nano.a
LOAD d:/sourcecontrol/gitrepos/gbd.embedded.dotmbed/deps/gcc-arm-none-eabi/bin/../lib/gcc/arm-none-eabi/4.9.3/../../../../arm-none-eabi/lib/armv7-m\libnosys.a
LOAD d:/sourcecontrol/gitrepos/gbd.embedded.dotmbed/deps/gcc-arm-none-eabi/bin/../lib/gcc/arm-none-eabi/4.9.3/../../../../arm-none-eabi/lib/armv7-m\libstdc++_nano.a
LOAD d:/sourcecontrol/gitrepos/gbd.embedded.dotmbed/deps/gcc-arm-none-eabi/bin/../lib/gcc/arm-none-eabi/4.9.3/../../../../arm-none-eabi/lib/armv7-m\libm.a
LOAD d:/sourcecontrol/gitrepos/gbd.embedded.dotmbed/deps/gcc-arm-none-eabi/bin/../lib/gcc/arm-none-eabi/4.9.3/../../../../arm-none-eabi/lib/armv7-m\libc_nano.a
START GROUP
LOAD d:/sourcecontrol/gitrepos/gbd.embedded.dotmbed/deps/gcc-arm-none-eabi/bin/../lib/gcc/arm-none-eabi/4.9.3/armv7-m\libgcc.a
LOAD d:/sourcecontrol/gitrepos/gbd.embedded.dotmbed/deps/gcc-arm-none-eabi/bin/../lib/gcc/arm-none-eabi/4.9.3/../../../../arm-none-eabi/lib/armv7-m\libc_nano.a
END GROUP
START GROUP
LOAD d:/sourcecontrol/gitrepos/gbd.embedded.dotmbed/deps/gcc-arm-none-eabi/bin/../lib/gcc/arm-none-eabi/4.9.3/armv7-m\libgcc.a
LOAD d:/sourcecontrol/gitrepos/gbd.embedded.dotmbed/deps/gcc-arm-none-eabi/bin/../lib/gcc/arm-none-eabi/4.9.3/../../../../arm-none-eabi/lib/armv7-m\libc_nano.a
END GROUP
LOAD d:/sourcecontrol/gitrepos/gbd.embedded.dotmbed/deps/gcc-arm-none-eabi/bin/../lib/gcc/arm-none-eabi/4.9.3/armv7-m/crtend.o
LOAD d:/sourcecontrol/gitrepos/gbd.embedded.dotmbed/deps/gcc-arm-none-eabi/bin/../lib/gcc/arm-none-eabi/4.9.3/armv7-m/crtn.o

.text           0x00000000     0x1c54
 *(.isr_vector)
 .isr_vector    0x00000000       0xc0 ../../deps/mbed/Release/NXP_LPC1347/mbed.a(startup_LPC13xx.o)
                0x00000000                __isr_vector
 *(.text*)
 .text          0x000000c0       0x5c d:/sourcecontrol/gitrepos/gbd.embedded.dotmbed/deps/gcc-arm-none-eabi/bin/../lib/gcc/arm-none-eabi/4.9.3/armv7-m/crtbegin.o
 .text.startup.main
                0x0000011c       0x28 LPC1347/main.o
                0x0000011c                main
 .text.startup._GLOBAL__sub_I_myled
                0x00000144       0x1c LPC1347/main.o
 .text._start   0x00000160       0x28 LPC1347/gcc4mbed.o
                0x00000160                _start
 .text.__wrap__isatty
                0x00000188        0xc LPC1347/gcc4mbed.o
                0x00000188                __wrap__isatty
 .text.mbed_die
                0x00000194       0x14 ../../deps/mbed/Release/NXP_LPC1347/mbed.a(board.o)
                0x00000194                mbed_die
 .text.error    0x000001a8       0x24 ../../deps/mbed/Release/NXP_LPC1347/mbed.a(error.o)
                0x000001a8                error
 .text.gpio_init_out
                0x000001cc       0x2c ../../deps/mbed/Release/NXP_LPC1347/mbed.a(gpio.o)
                0x000001cc                gpio_init_out
 .text.pinmap_pinout
                0x000001f8       0x44 ../../deps/mbed/Release/NXP_LPC1347/mbed.a(pinmap_common.o)
                0x000001f8                pinmap_pinout
 .text.pinmap_merge
                0x0000023c       0x24 ../../deps/mbed/Release/NXP_LPC1347/mbed.a(pinmap_common.o)
                0x0000023c                pinmap_merge
 .text.pinmap_peripheral
                0x00000260       0x38 ../../deps/mbed/Release/NXP_LPC1347/mbed.a(pinmap_common.o)
                0x00000260                pinmap_peripheral
 .text.ticker_irq_handler
                0x00000298       0x4c ../../deps/mbed/Release/NXP_LPC1347/mbed.a(ticker_api.o)
                0x00000298                ticker_irq_handler
 .text.us_ticker_irq_handler
                0x000002e4        0xc ../../deps/mbed/Release/NXP_LPC1347/mbed.a(us_ticker_api.o)
                0x000002e4                us_ticker_irq_handler
 .text.wait_us  0x000002f0       0x18 ../../deps/mbed/Release/NXP_LPC1347/mbed.a(wait_api.o)
                0x000002f0                wait_us
 .text.wait     0x00000308       0x18 ../../deps/mbed/Release/NXP_LPC1347/mbed.a(wait_api.o)
                0x00000308                wait
 .text.wait_ms  0x00000320        0xc ../../deps/mbed/Release/NXP_LPC1347/mbed.a(wait_api.o)
                0x00000320                wait_ms
 .text.NVIC_SetVector
                0x0000032c       0x38 ../../deps/mbed/Release/NXP_LPC1347/mbed.a(cmsis_nvic.o)
                0x0000032c                NVIC_SetVector
 .text.SystemInit
                0x00000364       0xa0 ../../deps/mbed/Release/NXP_LPC1347/mbed.a(system_LPC13Uxx.o)
                0x00000364                SystemInit
 .text.gpio_init
                0x00000404       0x50 ../../deps/mbed/Release/NXP_LPC1347/mbed.a(gpio_api.o)
                0x00000404                gpio_init
 .text.gpio_mode
                0x00000454        0x8 ../../deps/mbed/Release/NXP_LPC1347/mbed.a(gpio_api.o)
                0x00000454                gpio_mode
 .text.gpio_dir
                0x0000045c       0x24 ../../deps/mbed/Release/NXP_LPC1347/mbed.a(gpio_api.o)
                0x0000045c                gpio_dir
 .text.pin_function
                0x00000480       0x2c ../../deps/mbed/Release/NXP_LPC1347/mbed.a(pinmap.o)
                0x00000480                pin_function
 .text.pin_mode
                0x000004ac       0x38 ../../deps/mbed/Release/NXP_LPC1347/mbed.a(pinmap.o)
                0x000004ac                pin_mode
 .text.serial_baud
                0x000004e4      0x114 ../../deps/mbed/Release/NXP_LPC1347/mbed.a(serial_api.o)
                0x000004e4                serial_baud
 .text.serial_format
                0x000005f8       0x48 ../../deps/mbed/Release/NXP_LPC1347/mbed.a(serial_api.o)
                0x000005f8                serial_format
 .text.serial_init
                0x00000640       0xb8 ../../deps/mbed/Release/NXP_LPC1347/mbed.a(serial_api.o)
                0x00000640                serial_init
 .text.serial_getc
                0x000006f8        0xc ../../deps/mbed/Release/NXP_LPC1347/mbed.a(serial_api.o)
                0x000006f8                serial_getc
 .text.serial_putc
                0x00000704        0xc ../../deps/mbed/Release/NXP_LPC1347/mbed.a(serial_api.o)
                0x00000704                serial_putc
 .text.us_ticker_init.part.0
                0x00000710       0x5c ../../deps/mbed/Release/NXP_LPC1347/mbed.a(us_ticker.o)
 .text.us_ticker_init
                0x0000076c       0x10 ../../deps/mbed/Release/NXP_LPC1347/mbed.a(us_ticker.o)
                0x0000076c                us_ticker_init
 .text.us_ticker_read
                0x0000077c       0x1c ../../deps/mbed/Release/NXP_LPC1347/mbed.a(us_ticker.o)
                0x0000077c                us_ticker_read
 .text.us_ticker_set_interrupt
                0x00000798       0x14 ../../deps/mbed/Release/NXP_LPC1347/mbed.a(us_ticker.o)
                0x00000798                us_ticker_set_interrupt
 .text.us_ticker_disable_interrupt
                0x000007ac       0x10 ../../deps/mbed/Release/NXP_LPC1347/mbed.a(us_ticker.o)
                0x000007ac                us_ticker_disable_interrupt
 .text.us_ticker_clear_interrupt
                0x000007bc        0xc ../../deps/mbed/Release/NXP_LPC1347/mbed.a(us_ticker.o)
                0x000007bc                us_ticker_clear_interrupt
 .text._ZL11init_serialv.part.0
                0x000007c8       0x10 ../../deps/mbed/Release/NXP_LPC1347/mbed.a(retarget.o)
 .text._close   0x000007d8       0x28 ../../deps/mbed/Release/NXP_LPC1347/mbed.a(retarget.o)
                0x000007d8                _close
 .text._write   0x00000800       0x4c ../../deps/mbed/Release/NXP_LPC1347/mbed.a(retarget.o)
                0x00000800                _write
 .text._read    0x0000084c       0x44 ../../deps/mbed/Release/NXP_LPC1347/mbed.a(retarget.o)
                0x0000084c                _read
 .text._isatty  0x00000890       0x24 ../../deps/mbed/Release/NXP_LPC1347/mbed.a(retarget.o)
                0x00000890                _isatty
 .text._lseek   0x000008b4       0x24 ../../deps/mbed/Release/NXP_LPC1347/mbed.a(retarget.o)
                0x000008b4                _lseek
 .text._fstat   0x000008d8       0x20 ../../deps/mbed/Release/NXP_LPC1347/mbed.a(retarget.o)
                0x000008d8                _fstat
 .text.mbed_main
                0x000008f8        0x4 ../../deps/mbed/Release/NXP_LPC1347/mbed.a(retarget.o)
                0x000008f8                mbed_main
 .text.mbed_sdk_init
                0x000008fc        0x4 ../../deps/mbed/Release/NXP_LPC1347/mbed.a(retarget.o)
                0x000008fc                mbed_sdk_init
 .text.__wrap_main
                0x00000900       0x14 ../../deps/mbed/Release/NXP_LPC1347/mbed.a(retarget.o)
                0x00000900                __wrap_main
 .text._sbrk    0x00000914       0x28 ../../deps/mbed/Release/NXP_LPC1347/mbed.a(retarget.o)
                0x00000914                _sbrk
 .text._exit    0x0000093c       0x24 ../../deps/mbed/Release/NXP_LPC1347/mbed.a(retarget.o)
                0x0000093c                _exit
 .text          0x00000960       0x44 ../../deps/mbed/Release/NXP_LPC1347/mbed.a(startup_LPC13xx.o)
                0x00000960                Reset_Handler
                0x00000990                NMI_Handler
                0x00000992                HardFault_Handler
                0x00000994                MemManage_Handler
                0x00000996                BusFault_Handler
                0x00000998                UsageFault_Handler
                0x0000099a                SVC_Handler
                0x0000099c                DebugMon_Handler
                0x0000099e                PendSV_Handler
                0x000009a0                SysTick_Handler
                0x000009a2                USBWakeup_Handler
                0x000009a2                GINT0_Handler
                0x000009a2                BOD_Handler
                0x000009a2                OSTIMER_Handler
                0x000009a2                ADC_Handler
                0x000009a2                PIN_INT0_Handler
                0x000009a2                WDT_Handler
                0x000009a2                PIN_INT4_Handler
                0x000009a2                FMC_Handler
                0x000009a2                PVTCIRCUIT_Handler
                0x000009a2                USB_Handler
                0x000009a2                PIN_INT5_Handler
                0x000009a2                GINT1_Handler
                0x000009a2                I2C_Handler
                0x000009a2                PIN_INT6_Handler
                0x000009a2                PIN_INT1_Handler
                0x000009a2                PIN_INT2_Handler
                0x000009a2                Default_Handler
                0x000009a2                USB_FIQHandler
                0x000009a2                USART_Handler
                0x000009a2                PIN_INT7_Handler
                0x000009a2                SSP0_Handler
                0x000009a2                CT32B1_Handler
                0x000009a2                CT32B0_Handler
                0x000009a2                CT16B0_Handler
                0x000009a2                CT16B1_Handler
                0x000009a2                DEF_IRQHandler
                0x000009a2                SSP1_Handler
                0x000009a2                OSCFAIL_Handler
                0x000009a2                PIN_INT3_Handler
 .text          0x000009a4      0x2a0 d:/sourcecontrol/gitrepos/gbd.embedded.dotmbed/deps/gcc-arm-none-eabi/bin/../lib/gcc/arm-none-eabi/4.9.3/armv7-m\libgcc.a(_arm_muldivsf3.o)
                0x000009a4                __mulsf3
                0x000009a4                __aeabi_fmul
                0x00000b0c                __aeabi_fdiv
                0x00000b0c                __divsf3
 .text          0x00000c44       0x4c d:/sourcecontrol/gitrepos/gbd.embedded.dotmbed/deps/gcc-arm-none-eabi/bin/../lib/gcc/arm-none-eabi/4.9.3/armv7-m\libgcc.a(_arm_fixsfsi.o)
                0x00000c44                __aeabi_f2iz
                0x00000c44                __fixsfsi
 .text.__errno  0x00000c90        0xc d:/sourcecontrol/gitrepos/gbd.embedded.dotmbed/deps/gcc-arm-none-eabi/bin/../lib/gcc/arm-none-eabi/4.9.3/../../../../arm-none-eabi/lib/armv7-m\libc_nano.a(lib_a-errno.o)
                0x00000c90                __errno
 .text.exit     0x00000c9c       0x28 d:/sourcecontrol/gitrepos/gbd.embedded.dotmbed/deps/gcc-arm-none-eabi/bin/../lib/gcc/arm-none-eabi/4.9.3/../../../../arm-none-eabi/lib/armv7-m\libc_nano.a(lib_a-exit.o)
                0x00000c9c                exit
 .text.__sflush_r
                0x00000cc4      0x106 d:/sourcecontrol/gitrepos/gbd.embedded.dotmbed/deps/gcc-arm-none-eabi/bin/../lib/gcc/arm-none-eabi/4.9.3/../../../../arm-none-eabi/lib/armv7-m\libc_nano.a(lib_a-fflush.o)
                0x00000cc4                __sflush_r
 *fill*         0x00000dca        0x2 
 .text._fflush_r
                0x00000dcc       0x54 d:/sourcecontrol/gitrepos/gbd.embedded.dotmbed/deps/gcc-arm-none-eabi/bin/../lib/gcc/arm-none-eabi/4.9.3/../../../../arm-none-eabi/lib/armv7-m\libc_nano.a(lib_a-fflush.o)
                0x00000dcc                _fflush_r
 .text.fflush   0x00000e20       0x24 d:/sourcecontrol/gitrepos/gbd.embedded.dotmbed/deps/gcc-arm-none-eabi/bin/../lib/gcc/arm-none-eabi/4.9.3/../../../../arm-none-eabi/lib/armv7-m\libc_nano.a(lib_a-fflush.o)
                0x00000e20                fflush
 .text._cleanup_r
                0x00000e44        0xc d:/sourcecontrol/gitrepos/gbd.embedded.dotmbed/deps/gcc-arm-none-eabi/bin/../lib/gcc/arm-none-eabi/4.9.3/../../../../arm-none-eabi/lib/armv7-m\libc_nano.a(lib_a-findfp.o)
                0x00000e44                _cleanup_r
 .text.std.isra.0
                0x00000e50       0x48 d:/sourcecontrol/gitrepos/gbd.embedded.dotmbed/deps/gcc-arm-none-eabi/bin/../lib/gcc/arm-none-eabi/4.9.3/../../../../arm-none-eabi/lib/armv7-m\libc_nano.a(lib_a-findfp.o)
 .text.__sfmoreglue
                0x00000e98       0x2c d:/sourcecontrol/gitrepos/gbd.embedded.dotmbed/deps/gcc-arm-none-eabi/bin/../lib/gcc/arm-none-eabi/4.9.3/../../../../arm-none-eabi/lib/armv7-m\libc_nano.a(lib_a-findfp.o)
                0x00000e98                __sfmoreglue
 .text.__sinit  0x00000ec4       0x60 d:/sourcecontrol/gitrepos/gbd.embedded.dotmbed/deps/gcc-arm-none-eabi/bin/../lib/gcc/arm-none-eabi/4.9.3/../../../../arm-none-eabi/lib/armv7-m\libc_nano.a(lib_a-findfp.o)
                0x00000ec4                __sinit
 .text.__sfp    0x00000f24       0x74 d:/sourcecontrol/gitrepos/gbd.embedded.dotmbed/deps/gcc-arm-none-eabi/bin/../lib/gcc/arm-none-eabi/4.9.3/../../../../arm-none-eabi/lib/armv7-m\libc_nano.a(lib_a-findfp.o)
                0x00000f24                __sfp
 .text._fwalk_reent
                0x00000f98       0x3c d:/sourcecontrol/gitrepos/gbd.embedded.dotmbed/deps/gcc-arm-none-eabi/bin/../lib/gcc/arm-none-eabi/4.9.3/../../../../arm-none-eabi/lib/armv7-m\libc_nano.a(lib_a-fwalk.o)
                0x00000f98                _fwalk_reent
 .text.__libc_init_array
                0x00000fd4       0x4c d:/sourcecontrol/gitrepos/gbd.embedded.dotmbed/deps/gcc-arm-none-eabi/bin/../lib/gcc/arm-none-eabi/4.9.3/../../../../arm-none-eabi/lib/armv7-m\libc_nano.a(lib_a-init.o)
                0x00000fd4                __libc_init_array
 .text.__smakebuf_r
                0x00001020       0x98 d:/sourcecontrol/gitrepos/gbd.embedded.dotmbed/deps/gcc-arm-none-eabi/bin/../lib/gcc/arm-none-eabi/4.9.3/../../../../arm-none-eabi/lib/armv7-m\libc_nano.a(lib_a-makebuf.o)
                0x00001020                __smakebuf_r
 .text.memchr   0x000010b8       0x1c d:/sourcecontrol/gitrepos/gbd.embedded.dotmbed/deps/gcc-arm-none-eabi/bin/../lib/gcc/arm-none-eabi/4.9.3/../../../../arm-none-eabi/lib/armv7-m\libc_nano.a(lib_a-memchr.o)
                0x000010b8                memchr
 .text.memset   0x000010d4       0x10 d:/sourcecontrol/gitrepos/gbd.embedded.dotmbed/deps/gcc-arm-none-eabi/bin/../lib/gcc/arm-none-eabi/4.9.3/../../../../arm-none-eabi/lib/armv7-m\libc_nano.a(lib_a-memset.o)
                0x000010d4                memset
 .text._free_r  0x000010e4       0x88 d:/sourcecontrol/gitrepos/gbd.embedded.dotmbed/deps/gcc-arm-none-eabi/bin/../lib/gcc/arm-none-eabi/4.9.3/../../../../arm-none-eabi/lib/armv7-m\libc_nano.a(lib_a-nano-freer.o)
                0x000010e4                _free_r
 .text._malloc_r
                0x0000116c       0xac d:/sourcecontrol/gitrepos/gbd.embedded.dotmbed/deps/gcc-arm-none-eabi/bin/../lib/gcc/arm-none-eabi/4.9.3/../../../../arm-none-eabi/lib/armv7-m\libc_nano.a(lib_a-nano-mallocr.o)
                0x0000116c                _malloc_r
 .text.__sfputc_r
                0x00001218       0x2c d:/sourcecontrol/gitrepos/gbd.embedded.dotmbed/deps/gcc-arm-none-eabi/bin/../lib/gcc/arm-none-eabi/4.9.3/../../../../arm-none-eabi/lib/armv7-m\libc_nano.a(lib_a-nano-vfprintf.o)
 .text.__sfputs_r
                0x00001244       0x24 d:/sourcecontrol/gitrepos/gbd.embedded.dotmbed/deps/gcc-arm-none-eabi/bin/../lib/gcc/arm-none-eabi/4.9.3/../../../../arm-none-eabi/lib/armv7-m\libc_nano.a(lib_a-nano-vfprintf.o)
                0x00001244                __sfputs_r
 .text._vfprintf_r
                0x00001268      0x210 d:/sourcecontrol/gitrepos/gbd.embedded.dotmbed/deps/gcc-arm-none-eabi/bin/../lib/gcc/arm-none-eabi/4.9.3/../../../../arm-none-eabi/lib/armv7-m\libc_nano.a(lib_a-nano-vfprintf.o)
                0x00001268                _vfprintf_r
                0x00001268                _vfiprintf_r
 .text.vfprintf
                0x00001478       0x1c d:/sourcecontrol/gitrepos/gbd.embedded.dotmbed/deps/gcc-arm-none-eabi/bin/../lib/gcc/arm-none-eabi/4.9.3/../../../../arm-none-eabi/lib/armv7-m\libc_nano.a(lib_a-nano-vfprintf.o)
                0x00001478                vfprintf
                0x00001478                vfiprintf
 .text._printf_common
                0x00001494       0xea d:/sourcecontrol/gitrepos/gbd.embedded.dotmbed/deps/gcc-arm-none-eabi/bin/../lib/gcc/arm-none-eabi/4.9.3/../../../../arm-none-eabi/lib/armv7-m\libc_nano.a(lib_a-nano-vfprintf_i.o)
                0x00001494                _printf_common
 *fill*         0x0000157e        0x2 
 .text._printf_i
                0x00001580      0x240 d:/sourcecontrol/gitrepos/gbd.embedded.dotmbed/deps/gcc-arm-none-eabi/bin/../lib/gcc/arm-none-eabi/4.9.3/../../../../arm-none-eabi/lib/armv7-m\libc_nano.a(lib_a-nano-vfprintf_i.o)
                0x00001580                _printf_i
 .text._sbrk_r  0x000017c0       0x20 d:/sourcecontrol/gitrepos/gbd.embedded.dotmbed/deps/gcc-arm-none-eabi/bin/../lib/gcc/arm-none-eabi/4.9.3/../../../../arm-none-eabi/lib/armv7-m\libc_nano.a(lib_a-sbrkr.o)
                0x000017c0                _sbrk_r
 .text.__sread  0x000017e0       0x22 d:/sourcecontrol/gitrepos/gbd.embedded.dotmbed/deps/gcc-arm-none-eabi/bin/../lib/gcc/arm-none-eabi/4.9.3/../../../../arm-none-eabi/lib/armv7-m\libc_nano.a(lib_a-stdio.o)
                0x000017e0                __sread
 .text.__swrite
                0x00001802       0x38 d:/sourcecontrol/gitrepos/gbd.embedded.dotmbed/deps/gcc-arm-none-eabi/bin/../lib/gcc/arm-none-eabi/4.9.3/../../../../arm-none-eabi/lib/armv7-m\libc_nano.a(lib_a-stdio.o)
                0x00001802                __swrite
 .text.__sseek  0x0000183a       0x24 d:/sourcecontrol/gitrepos/gbd.embedded.dotmbed/deps/gcc-arm-none-eabi/bin/../lib/gcc/arm-none-eabi/4.9.3/../../../../arm-none-eabi/lib/armv7-m\libc_nano.a(lib_a-stdio.o)
                0x0000183a                __sseek
 .text.__sclose
                0x0000185e        0x8 d:/sourcecontrol/gitrepos/gbd.embedded.dotmbed/deps/gcc-arm-none-eabi/bin/../lib/gcc/arm-none-eabi/4.9.3/../../../../arm-none-eabi/lib/armv7-m\libc_nano.a(lib_a-stdio.o)
                0x0000185e                __sclose
 *fill*         0x00001866        0x2 
 .text.__swbuf_r
                0x00001868       0xa8 d:/sourcecontrol/gitrepos/gbd.embedded.dotmbed/deps/gcc-arm-none-eabi/bin/../lib/gcc/arm-none-eabi/4.9.3/../../../../arm-none-eabi/lib/armv7-m\libc_nano.a(lib_a-wbuf.o)
                0x00001868                __swbuf_r
 .text._write_r
                0x00001910       0x24 d:/sourcecontrol/gitrepos/gbd.embedded.dotmbed/deps/gcc-arm-none-eabi/bin/../lib/gcc/arm-none-eabi/4.9.3/../../../../arm-none-eabi/lib/armv7-m\libc_nano.a(lib_a-writer.o)
                0x00001910                _write_r
 .text.__swsetup_r
                0x00001934       0xd8 d:/sourcecontrol/gitrepos/gbd.embedded.dotmbed/deps/gcc-arm-none-eabi/bin/../lib/gcc/arm-none-eabi/4.9.3/../../../../arm-none-eabi/lib/armv7-m\libc_nano.a(lib_a-wsetup.o)
                0x00001934                __swsetup_r
 .text._close_r
                0x00001a0c       0x20 d:/sourcecontrol/gitrepos/gbd.embedded.dotmbed/deps/gcc-arm-none-eabi/bin/../lib/gcc/arm-none-eabi/4.9.3/../../../../arm-none-eabi/lib/armv7-m\libc_nano.a(lib_a-closer.o)
                0x00001a0c                _close_r
 .text._fstat_r
                0x00001a2c       0x24 d:/sourcecontrol/gitrepos/gbd.embedded.dotmbed/deps/gcc-arm-none-eabi/bin/../lib/gcc/arm-none-eabi/4.9.3/../../../../arm-none-eabi/lib/armv7-m\libc_nano.a(lib_a-fstatr.o)
                0x00001a2c                _fstat_r
 .text._isatty_r
                0x00001a50       0x20 d:/sourcecontrol/gitrepos/gbd.embedded.dotmbed/deps/gcc-arm-none-eabi/bin/../lib/gcc/arm-none-eabi/4.9.3/../../../../arm-none-eabi/lib/armv7-m\libc_nano.a(lib_a-isattyr.o)
                0x00001a50                _isatty_r
 .text._lseek_r
                0x00001a70       0x24 d:/sourcecontrol/gitrepos/gbd.embedded.dotmbed/deps/gcc-arm-none-eabi/bin/../lib/gcc/arm-none-eabi/4.9.3/../../../../arm-none-eabi/lib/armv7-m\libc_nano.a(lib_a-lseekr.o)
                0x00001a70                _lseek_r
 .text._read_r  0x00001a94       0x24 d:/sourcecontrol/gitrepos/gbd.embedded.dotmbed/deps/gcc-arm-none-eabi/bin/../lib/gcc/arm-none-eabi/4.9.3/../../../../arm-none-eabi/lib/armv7-m\libc_nano.a(lib_a-readr.o)
                0x00001a94                _read_r
 *(.init)
 .init          0x00001ab8        0x4 d:/sourcecontrol/gitrepos/gbd.embedded.dotmbed/deps/gcc-arm-none-eabi/bin/../lib/gcc/arm-none-eabi/4.9.3/armv7-m/crti.o
                0x00001ab8                _init
 .init          0x00001abc        0x8 d:/sourcecontrol/gitrepos/gbd.embedded.dotmbed/deps/gcc-arm-none-eabi/bin/../lib/gcc/arm-none-eabi/4.9.3/armv7-m/crtn.o
 *(.fini)
 .fini          0x00001ac4        0x4 d:/sourcecontrol/gitrepos/gbd.embedded.dotmbed/deps/gcc-arm-none-eabi/bin/../lib/gcc/arm-none-eabi/4.9.3/armv7-m/crti.o
                0x00001ac4                _fini
 .fini          0x00001ac8        0x8 d:/sourcecontrol/gitrepos/gbd.embedded.dotmbed/deps/gcc-arm-none-eabi/bin/../lib/gcc/arm-none-eabi/4.9.3/armv7-m/crtn.o
 *crtbegin.o(.ctors)
 *crtbegin?.o(.ctors)
 *(EXCLUDE_FILE(*crtend.o *crtend?.o) .ctors)
 *(SORT(.ctors.*))
 *(.ctors)
 *crtbegin.o(.dtors)
 *crtbegin?.o(.dtors)
 *(EXCLUDE_FILE(*crtend.o *crtend?.o) .dtors)
 *(SORT(.dtors.*))
 *(.dtors)
 *(.rodata*)
 .rodata.str1.4
                0x00001ad0       0x68 ../../deps/mbed/Release/NXP_LPC1347/mbed.a(pinmap_common.o)
 .rodata.us_interface
                0x00001b38       0x14 ../../deps/mbed/Release/NXP_LPC1347/mbed.a(us_ticker_api.o)
 .rodata.us_data
                0x00001b4c        0x8 ../../deps/mbed/Release/NXP_LPC1347/mbed.a(us_ticker_api.o)
 .rodata.PinMap_UART_RX
                0x00001b54       0x30 ../../deps/mbed/Release/NXP_LPC1347/mbed.a(serial_api.o)
 .rodata.PinMap_UART_TX
                0x00001b84       0x30 ../../deps/mbed/Release/NXP_LPC1347/mbed.a(serial_api.o)
 .rodata.__sf_fake_stdin
                0x00001bb4       0x20 d:/sourcecontrol/gitrepos/gbd.embedded.dotmbed/deps/gcc-arm-none-eabi/bin/../lib/gcc/arm-none-eabi/4.9.3/../../../../arm-none-eabi/lib/armv7-m\libc_nano.a(lib_a-findfp.o)
                0x00001bb4                __sf_fake_stdin
 .rodata.__sf_fake_stdout
                0x00001bd4       0x20 d:/sourcecontrol/gitrepos/gbd.embedded.dotmbed/deps/gcc-arm-none-eabi/bin/../lib/gcc/arm-none-eabi/4.9.3/../../../../arm-none-eabi/lib/armv7-m\libc_nano.a(lib_a-findfp.o)
                0x00001bd4                __sf_fake_stdout
 .rodata.__sf_fake_stderr
                0x00001bf4       0x20 d:/sourcecontrol/gitrepos/gbd.embedded.dotmbed/deps/gcc-arm-none-eabi/bin/../lib/gcc/arm-none-eabi/4.9.3/../../../../arm-none-eabi/lib/armv7-m\libc_nano.a(lib_a-findfp.o)
                0x00001bf4                __sf_fake_stderr
 .rodata.str1.1
                0x00001c14        0x2 d:/sourcecontrol/gitrepos/gbd.embedded.dotmbed/deps/gcc-arm-none-eabi/bin/../lib/gcc/arm-none-eabi/4.9.3/../../../../arm-none-eabi/lib/armv7-m\libc_nano.a(lib_a-impure.o)
 *fill*         0x00001c16        0x2 
 .rodata._global_impure_ptr
                0x00001c18        0x4 d:/sourcecontrol/gitrepos/gbd.embedded.dotmbed/deps/gcc-arm-none-eabi/bin/../lib/gcc/arm-none-eabi/4.9.3/../../../../arm-none-eabi/lib/armv7-m\libc_nano.a(lib_a-impure.o)
                0x00001c18                _global_impure_ptr
 .rodata.str1.1
                0x00001c1c       0x11 d:/sourcecontrol/gitrepos/gbd.embedded.dotmbed/deps/gcc-arm-none-eabi/bin/../lib/gcc/arm-none-eabi/4.9.3/../../../../arm-none-eabi/lib/armv7-m\libc_nano.a(lib_a-nano-vfprintf.o)
 .rodata.str1.1
                0x00001c2d       0x22 d:/sourcecontrol/gitrepos/gbd.embedded.dotmbed/deps/gcc-arm-none-eabi/bin/../lib/gcc/arm-none-eabi/4.9.3/../../../../arm-none-eabi/lib/armv7-m\libc_nano.a(lib_a-nano-vfprintf_i.o)
 *(.eh_frame*)
 *fill*         0x00001c4f        0x1 
 .eh_frame      0x00001c50        0x0 d:/sourcecontrol/gitrepos/gbd.embedded.dotmbed/deps/gcc-arm-none-eabi/bin/../lib/gcc/arm-none-eabi/4.9.3/armv7-m/crtbegin.o
 .eh_frame      0x00001c50        0x0 d:/sourcecontrol/gitrepos/gbd.embedded.dotmbed/deps/gcc-arm-none-eabi/bin/../lib/gcc/arm-none-eabi/4.9.3/../../../../arm-none-eabi/lib/armv7-m\libc_nano.a(lib_a-strcmp.o)
                                 0x28 (size before relaxing)
 .eh_frame      0x00001c50        0x4 d:/sourcecontrol/gitrepos/gbd.embedded.dotmbed/deps/gcc-arm-none-eabi/bin/../lib/gcc/arm-none-eabi/4.9.3/armv7-m/crtend.o

.glue_7         0x00001c54        0x0
 .glue_7        0x00000000        0x0 linker stubs

.glue_7t        0x00001c54        0x0
 .glue_7t       0x00000000        0x0 linker stubs

.vfp11_veneer   0x00001c54        0x0
 .vfp11_veneer  0x00000000        0x0 linker stubs

.v4_bx          0x00001c54        0x0
 .v4_bx         0x00000000        0x0 linker stubs

.iplt           0x00001c54        0x0
 .iplt          0x00000000        0x0 d:/sourcecontrol/gitrepos/gbd.embedded.dotmbed/deps/gcc-arm-none-eabi/bin/../lib/gcc/arm-none-eabi/4.9.3/armv7-m/crtbegin.o

.rel.dyn        0x00001c54        0x0
 .rel.iplt      0x00000000        0x0 d:/sourcecontrol/gitrepos/gbd.embedded.dotmbed/deps/gcc-arm-none-eabi/bin/../lib/gcc/arm-none-eabi/4.9.3/armv7-m/crtbegin.o

.ARM.extab
 *(.ARM.extab* .gnu.linkonce.armextab.*)
                0x00001c54                __exidx_start = .

.ARM.exidx
 *(.ARM.exidx* .gnu.linkonce.armexidx.*)
                0x00001c54                __exidx_end = .
                0x00001c54                __etext = .

.data           0x100000c0       0x78 load address 0x00001c54
                0x100000c0                __data_start__ = .
 *(vtable)
 *(.data*)
 .data.SystemCoreClock
                0x100000c0        0x4 ../../deps/mbed/Release/NXP_LPC1347/mbed.a(system_LPC13Uxx.o)
                0x100000c0                SystemCoreClock
 .data._ZZ5_sbrkE4heap
                0x100000c4        0x4 ../../deps/mbed/Release/NXP_LPC1347/mbed.a(retarget.o)
 .data.impure_data
                0x100000c8       0x60 d:/sourcecontrol/gitrepos/gbd.embedded.dotmbed/deps/gcc-arm-none-eabi/bin/../lib/gcc/arm-none-eabi/4.9.3/../../../../arm-none-eabi/lib/armv7-m\libc_nano.a(lib_a-impure.o)
 .data._impure_ptr
                0x10000128        0x4 d:/sourcecontrol/gitrepos/gbd.embedded.dotmbed/deps/gcc-arm-none-eabi/bin/../lib/gcc/arm-none-eabi/4.9.3/../../../../arm-none-eabi/lib/armv7-m\libc_nano.a(lib_a-impure.o)
                0x10000128                _impure_ptr
                0x1000012c                . = ALIGN (0x4)
                0x1000012c                PROVIDE (__preinit_array_start, .)
 *(.preinit_array)
                0x1000012c                PROVIDE (__preinit_array_end, .)
                0x1000012c                . = ALIGN (0x4)
                0x1000012c                PROVIDE (__init_array_start, .)
 *(SORT(.init_array.*))
 *(.init_array)
 .init_array    0x1000012c        0x4 d:/sourcecontrol/gitrepos/gbd.embedded.dotmbed/deps/gcc-arm-none-eabi/bin/../lib/gcc/arm-none-eabi/4.9.3/armv7-m/crtbegin.o
 .init_array    0x10000130        0x4 LPC1347/main.o
                0x10000134                PROVIDE (__init_array_end, .)
                0x10000134                . = ALIGN (0x4)
                0x10000134                PROVIDE (__fini_array_start, .)
 *(SORT(.fini_array.*))
 *(.fini_array)
 .fini_array    0x10000134        0x4 d:/sourcecontrol/gitrepos/gbd.embedded.dotmbed/deps/gcc-arm-none-eabi/bin/../lib/gcc/arm-none-eabi/4.9.3/armv7-m/crtbegin.o
                0x10000138                PROVIDE (__fini_array_end, .)
                0x10000138                . = ALIGN (0x4)
                0x10000138                __data_end__ = .

.jcr            0x10000138        0x0 load address 0x00001ccc
 .jcr           0x10000138        0x0 d:/sourcecontrol/gitrepos/gbd.embedded.dotmbed/deps/gcc-arm-none-eabi/bin/../lib/gcc/arm-none-eabi/4.9.3/armv7-m/crtbegin.o

.igot.plt       0x10000138        0x0 load address 0x00001ccc
 .igot.plt      0x00000000        0x0 d:/sourcecontrol/gitrepos/gbd.embedded.dotmbed/deps/gcc-arm-none-eabi/bin/../lib/gcc/arm-none-eabi/4.9.3/armv7-m/crtbegin.o

.bss            0x10000138      0x158 load address 0x00001ccc
                0x10000138                __bss_start__ = .
 *(.bss*)
 .bss           0x10000138       0x1c d:/sourcecontrol/gitrepos/gbd.embedded.dotmbed/deps/gcc-arm-none-eabi/bin/../lib/gcc/arm-none-eabi/4.9.3/armv7-m/crtbegin.o
 .bss.myled     0x10000154       0x18 LPC1347/main.o
                0x10000154                myled
 .bss.events    0x1000016c        0x8 ../../deps/mbed/Release/NXP_LPC1347/mbed.a(us_ticker_api.o)
 .bss.stdio_uart_inited
                0x10000174        0x4 ../../deps/mbed/Release/NXP_LPC1347/mbed.a(serial_api.o)
                0x10000174                stdio_uart_inited
 .bss.us_ticker_inited
                0x10000178        0x4 ../../deps/mbed/Release/NXP_LPC1347/mbed.a(us_ticker.o)
                0x10000178                us_ticker_inited
 .bss._ZL11filehandles
                0x1000017c      0x100 ../../deps/mbed/Release/NXP_LPC1347/mbed.a(retarget.o)
 .bss.__malloc_sbrk_start
                0x1000027c        0x4 d:/sourcecontrol/gitrepos/gbd.embedded.dotmbed/deps/gcc-arm-none-eabi/bin/../lib/gcc/arm-none-eabi/4.9.3/../../../../arm-none-eabi/lib/armv7-m\libc_nano.a(lib_a-nano-mallocr.o)
                0x1000027c                __malloc_sbrk_start
 .bss.__malloc_free_list
                0x10000280        0x4 d:/sourcecontrol/gitrepos/gbd.embedded.dotmbed/deps/gcc-arm-none-eabi/bin/../lib/gcc/arm-none-eabi/4.9.3/../../../../arm-none-eabi/lib/armv7-m\libc_nano.a(lib_a-nano-mallocr.o)
                0x10000280                __malloc_free_list
 *(COMMON)
 COMMON         0x10000284        0x8 ../../deps/mbed/Release/NXP_LPC1347/mbed.a(serial_api.o)
                0x10000284                stdio_uart
 COMMON         0x1000028c        0x4 d:/sourcecontrol/gitrepos/gbd.embedded.dotmbed/deps/gcc-arm-none-eabi/bin/../lib/gcc/arm-none-eabi/4.9.3/../../../../arm-none-eabi/lib/armv7-m\libc_nano.a(lib_a-reent.o)
                0x1000028c                errno
                0x10000290                __bss_end__ = .

.heap           0x10000290      0x800
                0x10000290                __end__ = .
                0x10000290                end = __end__
 *(.heap*)
 .heap          0x10000290      0x800 ../../deps/mbed/Release/NXP_LPC1347/mbed.a(startup_LPC13xx.o)
                0x10000290                __HeapBase
                0x10000a90                __HeapLimit = .

.stack_dummy    0x10000290      0xc00
 *(.stack)
 .stack         0x10000290      0xc00 ../../deps/mbed/Release/NXP_LPC1347/mbed.a(startup_LPC13xx.o)
                0x10002000                __StackTop = (ORIGIN (RAM) + 0x1f40)
                0x10001400                __StackLimit = (__StackTop - SIZEOF (.stack_dummy))
                0x10002000                PROVIDE (__stack, __StackTop)
                0x00000001                ASSERT ((__StackLimit >= __HeapLimit), region RAM overflowed with stack)
OUTPUT(LPC1347/HelloWorld.elf elf32-littlearm)

.ARM.attributes
                0x00000000       0x29
 .ARM.attributes
                0x00000000       0x1d d:/sourcecontrol/gitrepos/gbd.embedded.dotmbed/deps/gcc-arm-none-eabi/bin/../lib/gcc/arm-none-eabi/4.9.3/armv7-m/crti.o
 .ARM.attributes
                0x0000001d       0x2d d:/sourcecontrol/gitrepos/gbd.embedded.dotmbed/deps/gcc-arm-none-eabi/bin/../lib/gcc/arm-none-eabi/4.9.3/armv7-m/crtbegin.o
 .ARM.attributes
                0x0000004a       0x33 LPC1347/main.o
 .ARM.attributes
                0x0000007d       0x33 LPC1347/gcc4mbed.o
 .ARM.attributes
                0x000000b0       0x33 ../../deps/mbed/Release/NXP_LPC1347/mbed.a(board.o)
 .ARM.attributes
                0x000000e3       0x33 ../../deps/mbed/Release/NXP_LPC1347/mbed.a(error.o)
 .ARM.attributes
                0x00000116       0x33 ../../deps/mbed/Release/NXP_LPC1347/mbed.a(gpio.o)
 .ARM.attributes
                0x00000149       0x33 ../../deps/mbed/Release/NXP_LPC1347/mbed.a(pinmap_common.o)
 .ARM.attributes
                0x0000017c       0x33 ../../deps/mbed/Release/NXP_LPC1347/mbed.a(ticker_api.o)
 .ARM.attributes
                0x000001af       0x33 ../../deps/mbed/Release/NXP_LPC1347/mbed.a(us_ticker_api.o)
 .ARM.attributes
                0x000001e2       0x33 ../../deps/mbed/Release/NXP_LPC1347/mbed.a(wait_api.o)
 .ARM.attributes
                0x00000215       0x33 ../../deps/mbed/Release/NXP_LPC1347/mbed.a(cmsis_nvic.o)
 .ARM.attributes
                0x00000248       0x33 ../../deps/mbed/Release/NXP_LPC1347/mbed.a(system_LPC13Uxx.o)
 .ARM.attributes
                0x0000027b       0x33 ../../deps/mbed/Release/NXP_LPC1347/mbed.a(gpio_api.o)
 .ARM.attributes
                0x000002ae       0x33 ../../deps/mbed/Release/NXP_LPC1347/mbed.a(pinmap.o)
 .ARM.attributes
                0x000002e1       0x33 ../../deps/mbed/Release/NXP_LPC1347/mbed.a(serial_api.o)
 .ARM.attributes
                0x00000314       0x33 ../../deps/mbed/Release/NXP_LPC1347/mbed.a(us_ticker.o)
 .ARM.attributes
                0x00000347       0x33 ../../deps/mbed/Release/NXP_LPC1347/mbed.a(retarget.o)
 .ARM.attributes
                0x0000037a       0x1b ../../deps/mbed/Release/NXP_LPC1347/mbed.a(startup_LPC13xx.o)
 .ARM.attributes
                0x00000395       0x1d d:/sourcecontrol/gitrepos/gbd.embedded.dotmbed/deps/gcc-arm-none-eabi/bin/../lib/gcc/arm-none-eabi/4.9.3/armv7-m\libgcc.a(_arm_muldivsf3.o)
 .ARM.attributes
                0x000003b2       0x1d d:/sourcecontrol/gitrepos/gbd.embedded.dotmbed/deps/gcc-arm-none-eabi/bin/../lib/gcc/arm-none-eabi/4.9.3/armv7-m\libgcc.a(_arm_fixsfsi.o)
 .ARM.attributes
                0x000003cf       0x2d d:/sourcecontrol/gitrepos/gbd.embedded.dotmbed/deps/gcc-arm-none-eabi/bin/../lib/gcc/arm-none-eabi/4.9.3/../../../../arm-none-eabi/lib/armv7-m\libc_nano.a(lib_a-errno.o)
 .ARM.attributes
                0x000003fc       0x2d d:/sourcecontrol/gitrepos/gbd.embedded.dotmbed/deps/gcc-arm-none-eabi/bin/../lib/gcc/arm-none-eabi/4.9.3/../../../../arm-none-eabi/lib/armv7-m\libc_nano.a(lib_a-exit.o)
 .ARM.attributes
                0x00000429       0x2d d:/sourcecontrol/gitrepos/gbd.embedded.dotmbed/deps/gcc-arm-none-eabi/bin/../lib/gcc/arm-none-eabi/4.9.3/../../../../arm-none-eabi/lib/armv7-m\libc_nano.a(lib_a-fflush.o)
 .ARM.attributes
                0x00000456       0x2d d:/sourcecontrol/gitrepos/gbd.embedded.dotmbed/deps/gcc-arm-none-eabi/bin/../lib/gcc/arm-none-eabi/4.9.3/../../../../arm-none-eabi/lib/armv7-m\libc_nano.a(lib_a-findfp.o)
 .ARM.attributes
                0x00000483       0x2d d:/sourcecontrol/gitrepos/gbd.embedded.dotmbed/deps/gcc-arm-none-eabi/bin/../lib/gcc/arm-none-eabi/4.9.3/../../../../arm-none-eabi/lib/armv7-m\libc_nano.a(lib_a-fwalk.o)
 .ARM.attributes
                0x000004b0       0x2d d:/sourcecontrol/gitrepos/gbd.embedded.dotmbed/deps/gcc-arm-none-eabi/bin/../lib/gcc/arm-none-eabi/4.9.3/../../../../arm-none-eabi/lib/armv7-m\libc_nano.a(lib_a-impure.o)
 .ARM.attributes
                0x000004dd       0x2d d:/sourcecontrol/gitrepos/gbd.embedded.dotmbed/deps/gcc-arm-none-eabi/bin/../lib/gcc/arm-none-eabi/4.9.3/../../../../arm-none-eabi/lib/armv7-m\libc_nano.a(lib_a-init.o)
 .ARM.attributes
                0x0000050a       0x2d d:/sourcecontrol/gitrepos/gbd.embedded.dotmbed/deps/gcc-arm-none-eabi/bin/../lib/gcc/arm-none-eabi/4.9.3/../../../../arm-none-eabi/lib/armv7-m\libc_nano.a(lib_a-makebuf.o)
 .ARM.attributes
                0x00000537       0x2d d:/sourcecontrol/gitrepos/gbd.embedded.dotmbed/deps/gcc-arm-none-eabi/bin/../lib/gcc/arm-none-eabi/4.9.3/../../../../arm-none-eabi/lib/armv7-m\libc_nano.a(lib_a-memchr.o)
 .ARM.attributes
                0x00000564       0x2d d:/sourcecontrol/gitrepos/gbd.embedded.dotmbed/deps/gcc-arm-none-eabi/bin/../lib/gcc/arm-none-eabi/4.9.3/../../../../arm-none-eabi/lib/armv7-m\libc_nano.a(lib_a-memset.o)
 .ARM.attributes
                0x00000591       0x2d d:/sourcecontrol/gitrepos/gbd.embedded.dotmbed/deps/gcc-arm-none-eabi/bin/../lib/gcc/arm-none-eabi/4.9.3/../../../../arm-none-eabi/lib/armv7-m\libc_nano.a(lib_a-nano-freer.o)
 .ARM.attributes
                0x000005be       0x2d d:/sourcecontrol/gitrepos/gbd.embedded.dotmbed/deps/gcc-arm-none-eabi/bin/../lib/gcc/arm-none-eabi/4.9.3/../../../../arm-none-eabi/lib/armv7-m\libc_nano.a(lib_a-nano-mallocr.o)
 .ARM.attributes
                0x000005eb       0x2d d:/sourcecontrol/gitrepos/gbd.embedded.dotmbed/deps/gcc-arm-none-eabi/bin/../lib/gcc/arm-none-eabi/4.9.3/../../../../arm-none-eabi/lib/armv7-m\libc_nano.a(lib_a-nano-vfprintf.o)
 .ARM.attributes
                0x00000618       0x2d d:/sourcecontrol/gitrepos/gbd.embedded.dotmbed/deps/gcc-arm-none-eabi/bin/../lib/gcc/arm-none-eabi/4.9.3/../../../../arm-none-eabi/lib/armv7-m\libc_nano.a(lib_a-nano-vfprintf_i.o)
 .ARM.attributes
                0x00000645       0x2d d:/sourcecontrol/gitrepos/gbd.embedded.dotmbed/deps/gcc-arm-none-eabi/bin/../lib/gcc/arm-none-eabi/4.9.3/../../../../arm-none-eabi/lib/armv7-m\libc_nano.a(lib_a-reent.o)
 .ARM.attributes
                0x00000672       0x2d d:/sourcecontrol/gitrepos/gbd.embedded.dotmbed/deps/gcc-arm-none-eabi/bin/../lib/gcc/arm-none-eabi/4.9.3/../../../../arm-none-eabi/lib/armv7-m\libc_nano.a(lib_a-sbrkr.o)
 .ARM.attributes
                0x0000069f       0x2d d:/sourcecontrol/gitrepos/gbd.embedded.dotmbed/deps/gcc-arm-none-eabi/bin/../lib/gcc/arm-none-eabi/4.9.3/../../../../arm-none-eabi/lib/armv7-m\libc_nano.a(lib_a-stdio.o)
 .ARM.attributes
                0x000006cc       0x1b d:/sourcecontrol/gitrepos/gbd.embedded.dotmbed/deps/gcc-arm-none-eabi/bin/../lib/gcc/arm-none-eabi/4.9.3/../../../../arm-none-eabi/lib/armv7-m\libc_nano.a(lib_a-strcmp.o)
 .ARM.attributes
                0x000006e7       0x2d d:/sourcecontrol/gitrepos/gbd.embedded.dotmbed/deps/gcc-arm-none-eabi/bin/../lib/gcc/arm-none-eabi/4.9.3/../../../../arm-none-eabi/lib/armv7-m\libc_nano.a(lib_a-wbuf.o)
 .ARM.attributes
                0x00000714       0x2d d:/sourcecontrol/gitrepos/gbd.embedded.dotmbed/deps/gcc-arm-none-eabi/bin/../lib/gcc/arm-none-eabi/4.9.3/../../../../arm-none-eabi/lib/armv7-m\libc_nano.a(lib_a-writer.o)
 .ARM.attributes
                0x00000741       0x2d d:/sourcecontrol/gitrepos/gbd.embedded.dotmbed/deps/gcc-arm-none-eabi/bin/../lib/gcc/arm-none-eabi/4.9.3/../../../../arm-none-eabi/lib/armv7-m\libc_nano.a(lib_a-wsetup.o)
 .ARM.attributes
                0x0000076e       0x2d d:/sourcecontrol/gitrepos/gbd.embedded.dotmbed/deps/gcc-arm-none-eabi/bin/../lib/gcc/arm-none-eabi/4.9.3/../../../../arm-none-eabi/lib/armv7-m\libc_nano.a(lib_a-closer.o)
 .ARM.attributes
                0x0000079b       0x2d d:/sourcecontrol/gitrepos/gbd.embedded.dotmbed/deps/gcc-arm-none-eabi/bin/../lib/gcc/arm-none-eabi/4.9.3/../../../../arm-none-eabi/lib/armv7-m\libc_nano.a(lib_a-fstatr.o)
 .ARM.attributes
                0x000007c8       0x2d d:/sourcecontrol/gitrepos/gbd.embedded.dotmbed/deps/gcc-arm-none-eabi/bin/../lib/gcc/arm-none-eabi/4.9.3/../../../../arm-none-eabi/lib/armv7-m\libc_nano.a(lib_a-isattyr.o)
 .ARM.attributes
                0x000007f5       0x2d d:/sourcecontrol/gitrepos/gbd.embedded.dotmbed/deps/gcc-arm-none-eabi/bin/../lib/gcc/arm-none-eabi/4.9.3/../../../../arm-none-eabi/lib/armv7-m\libc_nano.a(lib_a-lseekr.o)
 .ARM.attributes
                0x00000822       0x2d d:/sourcecontrol/gitrepos/gbd.embedded.dotmbed/deps/gcc-arm-none-eabi/bin/../lib/gcc/arm-none-eabi/4.9.3/../../../../arm-none-eabi/lib/armv7-m\libc_nano.a(lib_a-readr.o)
 .ARM.attributes
                0x0000084f       0x2d d:/sourcecontrol/gitrepos/gbd.embedded.dotmbed/deps/gcc-arm-none-eabi/bin/../lib/gcc/arm-none-eabi/4.9.3/armv7-m/crtend.o
 .ARM.attributes
                0x0000087c       0x1d d:/sourcecontrol/gitrepos/gbd.embedded.dotmbed/deps/gcc-arm-none-eabi/bin/../lib/gcc/arm-none-eabi/4.9.3/armv7-m/crtn.o

.comment        0x00000000       0x70
 .comment       0x00000000       0x70 LPC1347/main.o
                                 0x71 (size before relaxing)
 .comment       0x00000000       0x71 LPC1347/gcc4mbed.o
 .comment       0x00000000       0x71 ../../deps/mbed/Release/NXP_LPC1347/mbed.a(board.o)
 .comment       0x00000000       0x71 ../../deps/mbed/Release/NXP_LPC1347/mbed.a(error.o)
 .comment       0x00000000       0x71 ../../deps/mbed/Release/NXP_LPC1347/mbed.a(gpio.o)
 .comment       0x00000000       0x71 ../../deps/mbed/Release/NXP_LPC1347/mbed.a(pinmap_common.o)
 .comment       0x00000000       0x71 ../../deps/mbed/Release/NXP_LPC1347/mbed.a(ticker_api.o)
 .comment       0x00000000       0x71 ../../deps/mbed/Release/NXP_LPC1347/mbed.a(us_ticker_api.o)
 .comment       0x00000000       0x71 ../../deps/mbed/Release/NXP_LPC1347/mbed.a(wait_api.o)
 .comment       0x00000000       0x71 ../../deps/mbed/Release/NXP_LPC1347/mbed.a(cmsis_nvic.o)
 .comment       0x00000000       0x71 ../../deps/mbed/Release/NXP_LPC1347/mbed.a(system_LPC13Uxx.o)
 .comment       0x00000000       0x71 ../../deps/mbed/Release/NXP_LPC1347/mbed.a(gpio_api.o)
 .comment       0x00000000       0x71 ../../deps/mbed/Release/NXP_LPC1347/mbed.a(pinmap.o)
 .comment       0x00000000       0x71 ../../deps/mbed/Release/NXP_LPC1347/mbed.a(serial_api.o)
 .comment       0x00000000       0x71 ../../deps/mbed/Release/NXP_LPC1347/mbed.a(us_ticker.o)
 .comment       0x00000000       0x71 ../../deps/mbed/Release/NXP_LPC1347/mbed.a(retarget.o)

.debug_info     0x00000000     0x9d7e
 .debug_info    0x00000000     0x162e LPC1347/main.o
 .debug_info    0x0000162e      0x4e8 LPC1347/gcc4mbed.o
 .debug_info    0x00001b16       0xfd ../../deps/mbed/Release/NXP_LPC1347/mbed.a(board.o)
 .debug_info    0x00001c13      0x960 ../../deps/mbed/Release/NXP_LPC1347/mbed.a(error.o)
 .debug_info    0x00002573      0x9d2 ../../deps/mbed/Release/NXP_LPC1347/mbed.a(gpio.o)
 .debug_info    0x00002f45      0x5c9 ../../deps/mbed/Release/NXP_LPC1347/mbed.a(pinmap_common.o)
 .debug_info    0x0000350e      0x41f ../../deps/mbed/Release/NXP_LPC1347/mbed.a(ticker_api.o)
 .debug_info    0x0000392d      0x395 ../../deps/mbed/Release/NXP_LPC1347/mbed.a(us_ticker_api.o)
 .debug_info    0x00003cc2      0x16e ../../deps/mbed/Release/NXP_LPC1347/mbed.a(wait_api.o)
 .debug_info    0x00003e30      0x409 ../../deps/mbed/Release/NXP_LPC1347/mbed.a(cmsis_nvic.o)
 .debug_info    0x00004239      0x58d ../../deps/mbed/Release/NXP_LPC1347/mbed.a(system_LPC13Uxx.o)
 .debug_info    0x000047c6      0x7ce ../../deps/mbed/Release/NXP_LPC1347/mbed.a(gpio_api.o)
 .debug_info    0x00004f94      0x3bc ../../deps/mbed/Release/NXP_LPC1347/mbed.a(pinmap.o)
 .debug_info    0x00005350     0x1398 ../../deps/mbed/Release/NXP_LPC1347/mbed.a(serial_api.o)
 .debug_info    0x000066e8      0xa5e ../../deps/mbed/Release/NXP_LPC1347/mbed.a(us_ticker.o)
 .debug_info    0x00007146     0x2b63 ../../deps/mbed/Release/NXP_LPC1347/mbed.a(retarget.o)
 .debug_info    0x00009ca9       0xd5 ../../deps/mbed/Release/NXP_LPC1347/mbed.a(startup_LPC13xx.o)

.debug_abbrev   0x00000000     0x23c2
 .debug_abbrev  0x00000000      0x3c8 LPC1347/main.o
 .debug_abbrev  0x000003c8      0x213 LPC1347/gcc4mbed.o
 .debug_abbrev  0x000005db       0xc6 ../../deps/mbed/Release/NXP_LPC1347/mbed.a(board.o)
 .debug_abbrev  0x000006a1      0x213 ../../deps/mbed/Release/NXP_LPC1347/mbed.a(error.o)
 .debug_abbrev  0x000008b4      0x1f3 ../../deps/mbed/Release/NXP_LPC1347/mbed.a(gpio.o)
 .debug_abbrev  0x00000aa7      0x1b6 ../../deps/mbed/Release/NXP_LPC1347/mbed.a(pinmap_common.o)
 .debug_abbrev  0x00000c5d      0x1d9 ../../deps/mbed/Release/NXP_LPC1347/mbed.a(ticker_api.o)
 .debug_abbrev  0x00000e36      0x142 ../../deps/mbed/Release/NXP_LPC1347/mbed.a(us_ticker_api.o)
 .debug_abbrev  0x00000f78       0xea ../../deps/mbed/Release/NXP_LPC1347/mbed.a(wait_api.o)
 .debug_abbrev  0x00001062      0x157 ../../deps/mbed/Release/NXP_LPC1347/mbed.a(cmsis_nvic.o)
 .debug_abbrev  0x000011b9      0x10a ../../deps/mbed/Release/NXP_LPC1347/mbed.a(system_LPC13Uxx.o)
 .debug_abbrev  0x000012c3      0x277 ../../deps/mbed/Release/NXP_LPC1347/mbed.a(gpio_api.o)
 .debug_abbrev  0x0000153a       0xd0 ../../deps/mbed/Release/NXP_LPC1347/mbed.a(pinmap.o)
 .debug_abbrev  0x0000160a      0x3c8 ../../deps/mbed/Release/NXP_LPC1347/mbed.a(serial_api.o)
 .debug_abbrev  0x000019d2      0x270 ../../deps/mbed/Release/NXP_LPC1347/mbed.a(us_ticker.o)
 .debug_abbrev  0x00001c42      0x76c ../../deps/mbed/Release/NXP_LPC1347/mbed.a(retarget.o)
 .debug_abbrev  0x000023ae       0x14 ../../deps/mbed/Release/NXP_LPC1347/mbed.a(startup_LPC13xx.o)

.debug_aranges  0x00000000      0x4e8
 .debug_aranges
                0x00000000       0x28 LPC1347/main.o
 .debug_aranges
                0x00000028       0x68 LPC1347/gcc4mbed.o
 .debug_aranges
                0x00000090       0x20 ../../deps/mbed/Release/NXP_LPC1347/mbed.a(board.o)
 .debug_aranges
                0x000000b0       0x20 ../../deps/mbed/Release/NXP_LPC1347/mbed.a(error.o)
 .debug_aranges
                0x000000d0       0x40 ../../deps/mbed/Release/NXP_LPC1347/mbed.a(gpio.o)
 .debug_aranges
                0x00000110       0x48 ../../deps/mbed/Release/NXP_LPC1347/mbed.a(pinmap_common.o)
 .debug_aranges
                0x00000158       0x48 ../../deps/mbed/Release/NXP_LPC1347/mbed.a(ticker_api.o)
 .debug_aranges
                0x000001a0       0x28 ../../deps/mbed/Release/NXP_LPC1347/mbed.a(us_ticker_api.o)
 .debug_aranges
                0x000001c8       0x30 ../../deps/mbed/Release/NXP_LPC1347/mbed.a(wait_api.o)
 .debug_aranges
                0x000001f8       0x28 ../../deps/mbed/Release/NXP_LPC1347/mbed.a(cmsis_nvic.o)
 .debug_aranges
                0x00000220       0x28 ../../deps/mbed/Release/NXP_LPC1347/mbed.a(system_LPC13Uxx.o)
 .debug_aranges
                0x00000248       0x38 ../../deps/mbed/Release/NXP_LPC1347/mbed.a(gpio_api.o)
 .debug_aranges
                0x00000280       0x28 ../../deps/mbed/Release/NXP_LPC1347/mbed.a(pinmap.o)
 .debug_aranges
                0x000002a8       0x90 ../../deps/mbed/Release/NXP_LPC1347/mbed.a(serial_api.o)
 .debug_aranges
                0x00000338       0x48 ../../deps/mbed/Release/NXP_LPC1347/mbed.a(us_ticker.o)
 .debug_aranges
                0x00000380      0x148 ../../deps/mbed/Release/NXP_LPC1347/mbed.a(retarget.o)
 .debug_aranges
                0x000004c8       0x20 ../../deps/mbed/Release/NXP_LPC1347/mbed.a(startup_LPC13xx.o)

.debug_ranges   0x00000000      0x730
 .debug_ranges  0x00000000       0x48 LPC1347/main.o
 .debug_ranges  0x00000048       0x58 LPC1347/gcc4mbed.o
 .debug_ranges  0x000000a0       0x10 ../../deps/mbed/Release/NXP_LPC1347/mbed.a(board.o)
 .debug_ranges  0x000000b0       0x10 ../../deps/mbed/Release/NXP_LPC1347/mbed.a(error.o)
 .debug_ranges  0x000000c0      0x140 ../../deps/mbed/Release/NXP_LPC1347/mbed.a(gpio.o)
 .debug_ranges  0x00000200       0x38 ../../deps/mbed/Release/NXP_LPC1347/mbed.a(pinmap_common.o)
 .debug_ranges  0x00000238       0x88 ../../deps/mbed/Release/NXP_LPC1347/mbed.a(ticker_api.o)
 .debug_ranges  0x000002c0       0x18 ../../deps/mbed/Release/NXP_LPC1347/mbed.a(us_ticker_api.o)
 .debug_ranges  0x000002d8       0x20 ../../deps/mbed/Release/NXP_LPC1347/mbed.a(wait_api.o)
 .debug_ranges  0x000002f8       0x18 ../../deps/mbed/Release/NXP_LPC1347/mbed.a(cmsis_nvic.o)
 .debug_ranges  0x00000310       0x18 ../../deps/mbed/Release/NXP_LPC1347/mbed.a(system_LPC13Uxx.o)
 .debug_ranges  0x00000328       0x58 ../../deps/mbed/Release/NXP_LPC1347/mbed.a(gpio_api.o)
 .debug_ranges  0x00000380       0x18 ../../deps/mbed/Release/NXP_LPC1347/mbed.a(pinmap.o)
 .debug_ranges  0x00000398       0x98 ../../deps/mbed/Release/NXP_LPC1347/mbed.a(serial_api.o)
 .debug_ranges  0x00000430       0x38 ../../deps/mbed/Release/NXP_LPC1347/mbed.a(us_ticker.o)
 .debug_ranges  0x00000468      0x2c8 ../../deps/mbed/Release/NXP_LPC1347/mbed.a(retarget.o)

.debug_macro    0x00000000     0x6d23
 .debug_macro   0x00000000      0x4e1 LPC1347/main.o
 .debug_macro   0x000004e1      0x922 LPC1347/main.o
 .debug_macro   0x00000e03       0x10 LPC1347/main.o
 .debug_macro   0x00000e13       0x10 LPC1347/main.o
 .debug_macro   0x00000e23       0x8e LPC1347/main.o
 .debug_macro   0x00000eb1       0x22 LPC1347/main.o
 .debug_macro   0x00000ed3       0x3a LPC1347/main.o
 .debug_macro   0x00000f0d       0x1c LPC1347/main.o
 .debug_macro   0x00000f29       0x22 LPC1347/main.o
 .debug_macro   0x00000f4b       0x44 LPC1347/main.o
 .debug_macro   0x00000f8f       0x1c LPC1347/main.o
 .debug_macro   0x00000fab      0x1f7 LPC1347/main.o
 .debug_macro   0x000011a2       0x2d LPC1347/main.o
 .debug_macro   0x000011cf      0xa8b LPC1347/main.o
 .debug_macro   0x00001c5a      0x11c LPC1347/main.o
 .debug_macro   0x00001d76       0x10 LPC1347/main.o
 .debug_macro   0x00001d86       0x1c LPC1347/main.o
 .debug_macro   0x00001da2       0x10 LPC1347/main.o
 .debug_macro   0x00001db2       0x10 LPC1347/main.o
 .debug_macro   0x00001dc2       0xef LPC1347/main.o
 .debug_macro   0x00001eb1      0x337 LPC1347/main.o
 .debug_macro   0x000021e8      0x174 LPC1347/main.o
 .debug_macro   0x0000235c       0x58 LPC1347/main.o
 .debug_macro   0x000023b4       0x35 LPC1347/main.o
 .debug_macro   0x000023e9       0x9c LPC1347/main.o
 .debug_macro   0x00002485       0x16 LPC1347/main.o
 .debug_macro   0x0000249b       0x35 LPC1347/main.o
 .debug_macro   0x000024d0       0x52 LPC1347/main.o
 .debug_macro   0x00002522       0x16 LPC1347/main.o
 .debug_macro   0x00002538       0x43 LPC1347/main.o
 .debug_macro   0x0000257b      0x180 LPC1347/main.o
 .debug_macro   0x000026fb      0x2a4 LPC1347/main.o
 .debug_macro   0x0000299f       0x16 LPC1347/main.o
 .debug_macro   0x000029b5       0x29 LPC1347/main.o
 .debug_macro   0x000029de       0xac LPC1347/main.o
 .debug_macro   0x00002a8a       0x1c LPC1347/main.o
 .debug_macro   0x00002aa6       0x10 LPC1347/main.o
 .debug_macro   0x00002ab6       0x10 LPC1347/main.o
 .debug_macro   0x00002ac6       0x22 LPC1347/main.o
 .debug_macro   0x00002ae8       0xbd LPC1347/main.o
 .debug_macro   0x00002ba5       0x16 LPC1347/main.o
 .debug_macro   0x00002bbb      0x196 LPC1347/main.o
 .debug_macro   0x00002d51      0x100 LPC1347/main.o
 .debug_macro   0x00002e51       0x16 LPC1347/main.o
 .debug_macro   0x00002e67       0x8e LPC1347/main.o
 .debug_macro   0x00002ef5      0x1da LPC1347/main.o
 .debug_macro   0x000030cf       0x16 LPC1347/main.o
 .debug_macro   0x000030e5       0x10 LPC1347/main.o
 .debug_macro   0x000030f5       0x41 LPC1347/main.o
 .debug_macro   0x00003136       0x3a LPC1347/main.o
 .debug_macro   0x00003170      0x1cd LPC1347/main.o
 .debug_macro   0x0000333d      0x127 LPC1347/main.o
 .debug_macro   0x00003464       0x10 LPC1347/main.o
 .debug_macro   0x00003474       0x7c LPC1347/main.o
 .debug_macro   0x000034f0       0x10 LPC1347/main.o
 .debug_macro   0x00003500       0x5e LPC1347/main.o
 .debug_macro   0x0000355e       0x2e LPC1347/main.o
 .debug_macro   0x0000358c       0x28 LPC1347/main.o
 .debug_macro   0x000035b4      0x181 LPC1347/gcc4mbed.o
 .debug_macro   0x00003735      0x8c2 LPC1347/gcc4mbed.o
 .debug_macro   0x00003ff7       0x9c LPC1347/gcc4mbed.o
 .debug_macro   0x00004093      0x166 LPC1347/gcc4mbed.o
 .debug_macro   0x000041f9       0x4a LPC1347/gcc4mbed.o
 .debug_macro   0x00004243       0x43 LPC1347/gcc4mbed.o
 .debug_macro   0x00004286      0x29d LPC1347/gcc4mbed.o
 .debug_macro   0x00004523       0x10 LPC1347/gcc4mbed.o
 .debug_macro   0x00004533       0x35 LPC1347/gcc4mbed.o
 .debug_macro   0x00004568       0x10 LPC1347/gcc4mbed.o
 .debug_macro   0x00004578      0x241 LPC1347/gcc4mbed.o
 .debug_macro   0x000047b9       0x52 LPC1347/gcc4mbed.o
 .debug_macro   0x0000480b      0xa8b LPC1347/gcc4mbed.o
 .debug_macro   0x00005296      0x10c ../../deps/mbed/Release/NXP_LPC1347/mbed.a(board.o)
 .debug_macro   0x000053a2       0x16 ../../deps/mbed/Release/NXP_LPC1347/mbed.a(board.o)
 .debug_macro   0x000053b8      0x1fc ../../deps/mbed/Release/NXP_LPC1347/mbed.a(error.o)
 .debug_macro   0x000055b4      0x10e ../../deps/mbed/Release/NXP_LPC1347/mbed.a(error.o)
 .debug_macro   0x000056c2       0x7f ../../deps/mbed/Release/NXP_LPC1347/mbed.a(error.o)
 .debug_macro   0x00005741       0x58 ../../deps/mbed/Release/NXP_LPC1347/mbed.a(error.o)
 .debug_macro   0x00005799       0xf0 ../../deps/mbed/Release/NXP_LPC1347/mbed.a(gpio.o)
 .debug_macro   0x00005889       0xc8 ../../deps/mbed/Release/NXP_LPC1347/mbed.a(pinmap_common.o)
 .debug_macro   0x00005951       0xf9 ../../deps/mbed/Release/NXP_LPC1347/mbed.a(ticker_api.o)
 .debug_macro   0x00005a4a       0xf9 ../../deps/mbed/Release/NXP_LPC1347/mbed.a(us_ticker_api.o)
 .debug_macro   0x00005b43      0x103 ../../deps/mbed/Release/NXP_LPC1347/mbed.a(wait_api.o)
 .debug_macro   0x00005c46       0xb0 ../../deps/mbed/Release/NXP_LPC1347/mbed.a(cmsis_nvic.o)
 .debug_macro   0x00005cf6      0x127 ../../deps/mbed/Release/NXP_LPC1347/mbed.a(system_LPC13Uxx.o)
 .debug_macro   0x00005e1d       0xfe ../../deps/mbed/Release/NXP_LPC1347/mbed.a(gpio_api.o)
 .debug_macro   0x00005f1b       0xdd ../../deps/mbed/Release/NXP_LPC1347/mbed.a(pinmap.o)
 .debug_macro   0x00005ff8      0x209 ../../deps/mbed/Release/NXP_LPC1347/mbed.a(serial_api.o)
 .debug_macro   0x00006201      0x1e1 ../../deps/mbed/Release/NXP_LPC1347/mbed.a(serial_api.o)
 .debug_macro   0x000063e2      0x10e ../../deps/mbed/Release/NXP_LPC1347/mbed.a(us_ticker.o)
 .debug_macro   0x000064f0      0x38f ../../deps/mbed/Release/NXP_LPC1347/mbed.a(retarget.o)
 .debug_macro   0x0000687f       0x16 ../../deps/mbed/Release/NXP_LPC1347/mbed.a(retarget.o)
 .debug_macro   0x00006895      0x48e ../../deps/mbed/Release/NXP_LPC1347/mbed.a(retarget.o)

.debug_line     0x00000000     0x5486
 .debug_line    0x00000000      0x9ee LPC1347/main.o
 .debug_line    0x000009ee      0x494 LPC1347/gcc4mbed.o
 .debug_line    0x00000e82      0x464 ../../deps/mbed/Release/NXP_LPC1347/mbed.a(board.o)
 .debug_line    0x000012e6      0x4e9 ../../deps/mbed/Release/NXP_LPC1347/mbed.a(error.o)
 .debug_line    0x000017cf      0x4c9 ../../deps/mbed/Release/NXP_LPC1347/mbed.a(gpio.o)
 .debug_line    0x00001c98      0x457 ../../deps/mbed/Release/NXP_LPC1347/mbed.a(pinmap_common.o)
 .debug_line    0x000020ef      0x51c ../../deps/mbed/Release/NXP_LPC1347/mbed.a(ticker_api.o)
 .debug_line    0x0000260b      0x445 ../../deps/mbed/Release/NXP_LPC1347/mbed.a(us_ticker_api.o)
 .debug_line    0x00002a50      0x467 ../../deps/mbed/Release/NXP_LPC1347/mbed.a(wait_api.o)
 .debug_line    0x00002eb7      0x322 ../../deps/mbed/Release/NXP_LPC1347/mbed.a(cmsis_nvic.o)
 .debug_line    0x000031d9      0x34f ../../deps/mbed/Release/NXP_LPC1347/mbed.a(system_LPC13Uxx.o)
 .debug_line    0x00003528      0x463 ../../deps/mbed/Release/NXP_LPC1347/mbed.a(gpio_api.o)
 .debug_line    0x0000398b      0x3e3 ../../deps/mbed/Release/NXP_LPC1347/mbed.a(pinmap.o)
 .debug_line    0x00003d6e      0x68f ../../deps/mbed/Release/NXP_LPC1347/mbed.a(serial_api.o)
 .debug_line    0x000043fd      0x481 ../../deps/mbed/Release/NXP_LPC1347/mbed.a(us_ticker.o)
 .debug_line    0x0000487e      0xb4d ../../deps/mbed/Release/NXP_LPC1347/mbed.a(retarget.o)
 .debug_line    0x000053cb       0xbb ../../deps/mbed/Release/NXP_LPC1347/mbed.a(startup_LPC13xx.o)

.debug_str      0x00000000    0x11b26
 .debug_str     0x00000000     0xe65e LPC1347/main.o
                               0xe984 (size before relaxing)
 .debug_str     0x0000e65e      0xaf8 LPC1347/gcc4mbed.o
                               0xaa2e (size before relaxing)
 .debug_str     0x0000f156       0x99 ../../deps/mbed/Release/NXP_LPC1347/mbed.a(board.o)
                               0x7e1a (size before relaxing)
 .debug_str     0x0000f1ef      0x113 ../../deps/mbed/Release/NXP_LPC1347/mbed.a(error.o)
                               0xb2d2 (size before relaxing)
 .debug_str     0x0000f302      0x104 ../../deps/mbed/Release/NXP_LPC1347/mbed.a(gpio.o)
                               0x7e67 (size before relaxing)
 .debug_str     0x0000f406       0xcb ../../deps/mbed/Release/NXP_LPC1347/mbed.a(pinmap_common.o)
                               0x7bd7 (size before relaxing)
 .debug_str     0x0000f4d1      0x11a ../../deps/mbed/Release/NXP_LPC1347/mbed.a(ticker_api.o)
                               0x8080 (size before relaxing)
 .debug_str     0x0000f5eb      0x296 ../../deps/mbed/Release/NXP_LPC1347/mbed.a(us_ticker_api.o)
                               0x7f92 (size before relaxing)
 .debug_str     0x0000f881       0x48 ../../deps/mbed/Release/NXP_LPC1347/mbed.a(wait_api.o)
                               0x7c6e (size before relaxing)
 .debug_str     0x0000f8c9      0x13c ../../deps/mbed/Release/NXP_LPC1347/mbed.a(cmsis_nvic.o)
                               0x7cdb (size before relaxing)
 .debug_str     0x0000fa05      0x5d9 ../../deps/mbed/Release/NXP_LPC1347/mbed.a(system_LPC13Uxx.o)
                               0x7ef2 (size before relaxing)
 .debug_str     0x0000ffde       0x76 ../../deps/mbed/Release/NXP_LPC1347/mbed.a(gpio_api.o)
                               0x7eb8 (size before relaxing)
 .debug_str     0x00010054       0xa8 ../../deps/mbed/Release/NXP_LPC1347/mbed.a(pinmap.o)
                               0x7bf3 (size before relaxing)
 .debug_str     0x000100fc      0x35e ../../deps/mbed/Release/NXP_LPC1347/mbed.a(serial_api.o)
                               0xb95e (size before relaxing)
 .debug_str     0x0001045a      0x138 ../../deps/mbed/Release/NXP_LPC1347/mbed.a(us_ticker.o)
                               0x8565 (size before relaxing)
 .debug_str     0x00010592     0x1594 ../../deps/mbed/Release/NXP_LPC1347/mbed.a(retarget.o)
                               0xf442 (size before relaxing)

.debug_frame    0x00000000     0x1128
 .debug_frame   0x00000000       0x38 LPC1347/main.o
 .debug_frame   0x00000038       0xc8 LPC1347/gcc4mbed.o
 .debug_frame   0x00000100       0x28 ../../deps/mbed/Release/NXP_LPC1347/mbed.a(board.o)
 .debug_frame   0x00000128       0x34 ../../deps/mbed/Release/NXP_LPC1347/mbed.a(error.o)
 .debug_frame   0x0000015c       0xdc ../../deps/mbed/Release/NXP_LPC1347/mbed.a(gpio.o)
 .debug_frame   0x00000238       0xbc ../../deps/mbed/Release/NXP_LPC1347/mbed.a(pinmap_common.o)
 .debug_frame   0x000002f4       0xb4 ../../deps/mbed/Release/NXP_LPC1347/mbed.a(ticker_api.o)
 .debug_frame   0x000003a8       0x30 ../../deps/mbed/Release/NXP_LPC1347/mbed.a(us_ticker_api.o)
 .debug_frame   0x000003d8       0x58 ../../deps/mbed/Release/NXP_LPC1347/mbed.a(wait_api.o)
 .debug_frame   0x00000430       0x3c ../../deps/mbed/Release/NXP_LPC1347/mbed.a(cmsis_nvic.o)
 .debug_frame   0x0000046c       0x40 ../../deps/mbed/Release/NXP_LPC1347/mbed.a(system_LPC13Uxx.o)
 .debug_frame   0x000004ac       0x64 ../../deps/mbed/Release/NXP_LPC1347/mbed.a(gpio_api.o)
 .debug_frame   0x00000510       0x30 ../../deps/mbed/Release/NXP_LPC1347/mbed.a(pinmap.o)
 .debug_frame   0x00000540      0x158 ../../deps/mbed/Release/NXP_LPC1347/mbed.a(serial_api.o)
 .debug_frame   0x00000698       0x80 ../../deps/mbed/Release/NXP_LPC1347/mbed.a(us_ticker.o)
 .debug_frame   0x00000718      0x360 ../../deps/mbed/Release/NXP_LPC1347/mbed.a(retarget.o)
 .debug_frame   0x00000a78       0x20 d:/sourcecontrol/gitrepos/gbd.embedded.dotmbed/deps/gcc-arm-none-eabi/bin/../lib/gcc/arm-none-eabi/4.9.3/../../../../arm-none-eabi/lib/armv7-m\libc_nano.a(lib_a-errno.o)
 .debug_frame   0x00000a98       0x28 d:/sourcecontrol/gitrepos/gbd.embedded.dotmbed/deps/gcc-arm-none-eabi/bin/../lib/gcc/arm-none-eabi/4.9.3/../../../../arm-none-eabi/lib/armv7-m\libc_nano.a(lib_a-exit.o)
 .debug_frame   0x00000ac0       0x68 d:/sourcecontrol/gitrepos/gbd.embedded.dotmbed/deps/gcc-arm-none-eabi/bin/../lib/gcc/arm-none-eabi/4.9.3/../../../../arm-none-eabi/lib/armv7-m\libc_nano.a(lib_a-fflush.o)
 .debug_frame   0x00000b28      0x11c d:/sourcecontrol/gitrepos/gbd.embedded.dotmbed/deps/gcc-arm-none-eabi/bin/../lib/gcc/arm-none-eabi/4.9.3/../../../../arm-none-eabi/lib/armv7-m\libc_nano.a(lib_a-findfp.o)
 .debug_frame   0x00000c44       0x54 d:/sourcecontrol/gitrepos/gbd.embedded.dotmbed/deps/gcc-arm-none-eabi/bin/../lib/gcc/arm-none-eabi/4.9.3/../../../../arm-none-eabi/lib/armv7-m\libc_nano.a(lib_a-fwalk.o)
 .debug_frame   0x00000c98       0x2c d:/sourcecontrol/gitrepos/gbd.embedded.dotmbed/deps/gcc-arm-none-eabi/bin/../lib/gcc/arm-none-eabi/4.9.3/../../../../arm-none-eabi/lib/armv7-m\libc_nano.a(lib_a-init.o)
 .debug_frame   0x00000cc4       0x34 d:/sourcecontrol/gitrepos/gbd.embedded.dotmbed/deps/gcc-arm-none-eabi/bin/../lib/gcc/arm-none-eabi/4.9.3/../../../../arm-none-eabi/lib/armv7-m\libc_nano.a(lib_a-makebuf.o)
 .debug_frame   0x00000cf8       0x28 d:/sourcecontrol/gitrepos/gbd.embedded.dotmbed/deps/gcc-arm-none-eabi/bin/../lib/gcc/arm-none-eabi/4.9.3/../../../../arm-none-eabi/lib/armv7-m\libc_nano.a(lib_a-memchr.o)
 .debug_frame   0x00000d20       0x20 d:/sourcecontrol/gitrepos/gbd.embedded.dotmbed/deps/gcc-arm-none-eabi/bin/../lib/gcc/arm-none-eabi/4.9.3/../../../../arm-none-eabi/lib/armv7-m\libc_nano.a(lib_a-memset.o)
 .debug_frame   0x00000d40       0x2c d:/sourcecontrol/gitrepos/gbd.embedded.dotmbed/deps/gcc-arm-none-eabi/bin/../lib/gcc/arm-none-eabi/4.9.3/../../../../arm-none-eabi/lib/armv7-m\libc_nano.a(lib_a-nano-freer.o)
 .debug_frame   0x00000d6c       0x2c d:/sourcecontrol/gitrepos/gbd.embedded.dotmbed/deps/gcc-arm-none-eabi/bin/../lib/gcc/arm-none-eabi/4.9.3/../../../../arm-none-eabi/lib/armv7-m\libc_nano.a(lib_a-nano-mallocr.o)
 .debug_frame   0x00000d98       0xb8 d:/sourcecontrol/gitrepos/gbd.embedded.dotmbed/deps/gcc-arm-none-eabi/bin/../lib/gcc/arm-none-eabi/4.9.3/../../../../arm-none-eabi/lib/armv7-m\libc_nano.a(lib_a-nano-vfprintf.o)
 .debug_frame   0x00000e50       0x58 d:/sourcecontrol/gitrepos/gbd.embedded.dotmbed/deps/gcc-arm-none-eabi/bin/../lib/gcc/arm-none-eabi/4.9.3/../../../../arm-none-eabi/lib/armv7-m\libc_nano.a(lib_a-nano-vfprintf_i.o)
 .debug_frame   0x00000ea8       0x5c d:/sourcecontrol/gitrepos/gbd.embedded.dotmbed/deps/gcc-arm-none-eabi/bin/../lib/gcc/arm-none-eabi/4.9.3/../../../../arm-none-eabi/lib/armv7-m\libc_nano.a(lib_a-reent.o)
 .debug_frame   0x00000f04       0x2c d:/sourcecontrol/gitrepos/gbd.embedded.dotmbed/deps/gcc-arm-none-eabi/bin/../lib/gcc/arm-none-eabi/4.9.3/../../../../arm-none-eabi/lib/armv7-m\libc_nano.a(lib_a-sbrkr.o)
 .debug_frame   0x00000f30       0x88 d:/sourcecontrol/gitrepos/gbd.embedded.dotmbed/deps/gcc-arm-none-eabi/bin/../lib/gcc/arm-none-eabi/4.9.3/../../../../arm-none-eabi/lib/armv7-m\libc_nano.a(lib_a-stdio.o)
 .debug_frame   0x00000fb8       0x3c d:/sourcecontrol/gitrepos/gbd.embedded.dotmbed/deps/gcc-arm-none-eabi/bin/../lib/gcc/arm-none-eabi/4.9.3/../../../../arm-none-eabi/lib/armv7-m\libc_nano.a(lib_a-wbuf.o)
 .debug_frame   0x00000ff4       0x2c d:/sourcecontrol/gitrepos/gbd.embedded.dotmbed/deps/gcc-arm-none-eabi/bin/../lib/gcc/arm-none-eabi/4.9.3/../../../../arm-none-eabi/lib/armv7-m\libc_nano.a(lib_a-writer.o)
 .debug_frame   0x00001020       0x2c d:/sourcecontrol/gitrepos/gbd.embedded.dotmbed/deps/gcc-arm-none-eabi/bin/../lib/gcc/arm-none-eabi/4.9.3/../../../../arm-none-eabi/lib/armv7-m\libc_nano.a(lib_a-wsetup.o)
 .debug_frame   0x0000104c       0x2c d:/sourcecontrol/gitrepos/gbd.embedded.dotmbed/deps/gcc-arm-none-eabi/bin/../lib/gcc/arm-none-eabi/4.9.3/../../../../arm-none-eabi/lib/armv7-m\libc_nano.a(lib_a-closer.o)
 .debug_frame   0x00001078       0x2c d:/sourcecontrol/gitrepos/gbd.embedded.dotmbed/deps/gcc-arm-none-eabi/bin/../lib/gcc/arm-none-eabi/4.9.3/../../../../arm-none-eabi/lib/armv7-m\libc_nano.a(lib_a-fstatr.o)
 .debug_frame   0x000010a4       0x2c d:/sourcecontrol/gitrepos/gbd.embedded.dotmbed/deps/gcc-arm-none-eabi/bin/../lib/gcc/arm-none-eabi/4.9.3/../../../../arm-none-eabi/lib/armv7-m\libc_nano.a(lib_a-isattyr.o)
 .debug_frame   0x000010d0       0x2c d:/sourcecontrol/gitrepos/gbd.embedded.dotmbed/deps/gcc-arm-none-eabi/bin/../lib/gcc/arm-none-eabi/4.9.3/../../../../arm-none-eabi/lib/armv7-m\libc_nano.a(lib_a-lseekr.o)
 .debug_frame   0x000010fc       0x2c d:/sourcecontrol/gitrepos/gbd.embedded.dotmbed/deps/gcc-arm-none-eabi/bin/../lib/gcc/arm-none-eabi/4.9.3/../../../../arm-none-eabi/lib/armv7-m\libc_nano.a(lib_a-readr.o)

.debug_loc      0x00000000     0x2809
 .debug_loc     0x00000000      0x1e3 LPC1347/gcc4mbed.o
 .debug_loc     0x000001e3      0x8cb ../../deps/mbed/Release/NXP_LPC1347/mbed.a(gpio.o)
 .debug_loc     0x00000aae      0x317 ../../deps/mbed/Release/NXP_LPC1347/mbed.a(pinmap_common.o)
 .debug_loc     0x00000dc5      0x337 ../../deps/mbed/Release/NXP_LPC1347/mbed.a(ticker_api.o)
 .debug_loc     0x000010fc       0x62 ../../deps/mbed/Release/NXP_LPC1347/mbed.a(wait_api.o)
 .debug_loc     0x0000115e       0x6e ../../deps/mbed/Release/NXP_LPC1347/mbed.a(cmsis_nvic.o)
 .debug_loc     0x000011cc       0x68 ../../deps/mbed/Release/NXP_LPC1347/mbed.a(system_LPC13Uxx.o)
 .debug_loc     0x00001234      0x1b8 ../../deps/mbed/Release/NXP_LPC1347/mbed.a(gpio_api.o)
 .debug_loc     0x000013ec      0x1b9 ../../deps/mbed/Release/NXP_LPC1347/mbed.a(pinmap.o)
 .debug_loc     0x000015a5      0x700 ../../deps/mbed/Release/NXP_LPC1347/mbed.a(serial_api.o)
 .debug_loc     0x00001ca5       0x13 ../../deps/mbed/Release/NXP_LPC1347/mbed.a(us_ticker.o)
 .debug_loc     0x00001cb8      0xb51 ../../deps/mbed/Release/NXP_LPC1347/mbed.a(retarget.o)

Cross Reference Table

Symbol                                            File
ADC_Handler                                       ../../deps/mbed/Release/NXP_LPC1347/mbed.a(startup_LPC13xx.o)
BOD_Handler                                       ../../deps/mbed/Release/NXP_LPC1347/mbed.a(startup_LPC13xx.o)
BusFault_Handler                                  ../../deps/mbed/Release/NXP_LPC1347/mbed.a(startup_LPC13xx.o)
CT16B0_Handler                                    ../../deps/mbed/Release/NXP_LPC1347/mbed.a(startup_LPC13xx.o)
CT16B1_Handler                                    ../../deps/mbed/Release/NXP_LPC1347/mbed.a(startup_LPC13xx.o)
CT32B0_Handler                                    ../../deps/mbed/Release/NXP_LPC1347/mbed.a(startup_LPC13xx.o)
CT32B1_Handler                                    ../../deps/mbed/Release/NXP_LPC1347/mbed.a(startup_LPC13xx.o)
DEF_IRQHandler                                    ../../deps/mbed/Release/NXP_LPC1347/mbed.a(startup_LPC13xx.o)
DebugMon_Handler                                  ../../deps/mbed/Release/NXP_LPC1347/mbed.a(startup_LPC13xx.o)
Default_Handler                                   ../../deps/mbed/Release/NXP_LPC1347/mbed.a(startup_LPC13xx.o)
FMC_Handler                                       ../../deps/mbed/Release/NXP_LPC1347/mbed.a(startup_LPC13xx.o)
GINT0_Handler                                     ../../deps/mbed/Release/NXP_LPC1347/mbed.a(startup_LPC13xx.o)
GINT1_Handler                                     ../../deps/mbed/Release/NXP_LPC1347/mbed.a(startup_LPC13xx.o)
HardFault_Handler                                 ../../deps/mbed/Release/NXP_LPC1347/mbed.a(startup_LPC13xx.o)
I2C_Handler                                       ../../deps/mbed/Release/NXP_LPC1347/mbed.a(startup_LPC13xx.o)
MemManage_Handler                                 ../../deps/mbed/Release/NXP_LPC1347/mbed.a(startup_LPC13xx.o)
NMI_Handler                                       ../../deps/mbed/Release/NXP_LPC1347/mbed.a(startup_LPC13xx.o)
NVIC_GetVector                                    ../../deps/mbed/Release/NXP_LPC1347/mbed.a(cmsis_nvic.o)
                                                  ../../deps/mbed/Release/NXP_LPC1347/mbed.a(InterruptManager.o)
NVIC_SetVector                                    ../../deps/mbed/Release/NXP_LPC1347/mbed.a(cmsis_nvic.o)
                                                  ../../deps/mbed/Release/NXP_LPC1347/mbed.a(InterruptManager.o)
                                                  ../../deps/mbed/Release/NXP_LPC1347/mbed.a(us_ticker.o)
                                                  ../../deps/mbed/Release/NXP_LPC1347/mbed.a(serial_api.o)
                                                  ../../deps/mbed/Release/NXP_LPC1347/mbed.a(gpio_irq_api.o)
OSCFAIL_Handler                                   ../../deps/mbed/Release/NXP_LPC1347/mbed.a(startup_LPC13xx.o)
OSTIMER_Handler                                   ../../deps/mbed/Release/NXP_LPC1347/mbed.a(startup_LPC13xx.o)
PIN_INT0_Handler                                  ../../deps/mbed/Release/NXP_LPC1347/mbed.a(startup_LPC13xx.o)
PIN_INT1_Handler                                  ../../deps/mbed/Release/NXP_LPC1347/mbed.a(startup_LPC13xx.o)
PIN_INT2_Handler                                  ../../deps/mbed/Release/NXP_LPC1347/mbed.a(startup_LPC13xx.o)
PIN_INT3_Handler                                  ../../deps/mbed/Release/NXP_LPC1347/mbed.a(startup_LPC13xx.o)
PIN_INT4_Handler                                  ../../deps/mbed/Release/NXP_LPC1347/mbed.a(startup_LPC13xx.o)
PIN_INT5_Handler                                  ../../deps/mbed/Release/NXP_LPC1347/mbed.a(startup_LPC13xx.o)
PIN_INT6_Handler                                  ../../deps/mbed/Release/NXP_LPC1347/mbed.a(startup_LPC13xx.o)
PIN_INT7_Handler                                  ../../deps/mbed/Release/NXP_LPC1347/mbed.a(startup_LPC13xx.o)
PVTCIRCUIT_Handler                                ../../deps/mbed/Release/NXP_LPC1347/mbed.a(startup_LPC13xx.o)
PendSV_Handler                                    ../../deps/mbed/Release/NXP_LPC1347/mbed.a(startup_LPC13xx.o)
Reset_Handler                                     ../../deps/mbed/Release/NXP_LPC1347/mbed.a(startup_LPC13xx.o)
SSP0_Handler                                      ../../deps/mbed/Release/NXP_LPC1347/mbed.a(startup_LPC13xx.o)
SSP1_Handler                                      ../../deps/mbed/Release/NXP_LPC1347/mbed.a(startup_LPC13xx.o)
SVC_Handler                                       ../../deps/mbed/Release/NXP_LPC1347/mbed.a(startup_LPC13xx.o)
SysTick_Handler                                   ../../deps/mbed/Release/NXP_LPC1347/mbed.a(startup_LPC13xx.o)
SystemCoreClock                                   ../../deps/mbed/Release/NXP_LPC1347/mbed.a(system_LPC13Uxx.o)
                                                  ../../deps/mbed/Release/NXP_LPC1347/mbed.a(us_ticker.o)
                                                  ../../deps/mbed/Release/NXP_LPC1347/mbed.a(spi_api.o)
                                                  ../../deps/mbed/Release/NXP_LPC1347/mbed.a(serial_api.o)
                                                  ../../deps/mbed/Release/NXP_LPC1347/mbed.a(pwmout_api.o)
                                                  ../../deps/mbed/Release/NXP_LPC1347/mbed.a(i2c_api.o)
                                                  ../../deps/mbed/Release/NXP_LPC1347/mbed.a(analogin_api.o)
SystemCoreClockUpdate                             ../../deps/mbed/Release/NXP_LPC1347/mbed.a(system_LPC13Uxx.o)
SystemInit                                        ../../deps/mbed/Release/NXP_LPC1347/mbed.a(system_LPC13Uxx.o)
                                                  ../../deps/mbed/Release/NXP_LPC1347/mbed.a(startup_LPC13xx.o)
USART_Handler                                     ../../deps/mbed/Release/NXP_LPC1347/mbed.a(startup_LPC13xx.o)
USBWakeup_Handler                                 ../../deps/mbed/Release/NXP_LPC1347/mbed.a(startup_LPC13xx.o)
USB_FIQHandler                                    ../../deps/mbed/Release/NXP_LPC1347/mbed.a(startup_LPC13xx.o)
USB_Handler                                       ../../deps/mbed/Release/NXP_LPC1347/mbed.a(startup_LPC13xx.o)
UsageFault_Handler                                ../../deps/mbed/Release/NXP_LPC1347/mbed.a(startup_LPC13xx.o)
WDT_Handler                                       ../../deps/mbed/Release/NXP_LPC1347/mbed.a(startup_LPC13xx.o)
_Jv_RegisterClasses                               d:/sourcecontrol/gitrepos/gbd.embedded.dotmbed/deps/gcc-arm-none-eabi/bin/../lib/gcc/arm-none-eabi/4.9.3/armv7-m/crtbegin.o
__HeapBase                                        ../../deps/mbed/Release/NXP_LPC1347/mbed.a(startup_LPC13xx.o)
__HeapLimit                                       ../../deps/mbed/Release/NXP_LPC1347/mbed.a(startup_LPC13xx.o)
__StackLimit                                      ../../deps/mbed/Release/NXP_LPC1347/mbed.a(startup_LPC13xx.o)
__StackTop                                        ../../deps/mbed/Release/NXP_LPC1347/mbed.a(startup_LPC13xx.o)
__adddf3                                          d:/sourcecontrol/gitrepos/gbd.embedded.dotmbed/deps/gcc-arm-none-eabi/bin/../lib/gcc/arm-none-eabi/4.9.3/armv7-m\libgcc.a(_arm_addsubdf3.o)
__addsf3                                          d:/sourcecontrol/gitrepos/gbd.embedded.dotmbed/deps/gcc-arm-none-eabi/bin/../lib/gcc/arm-none-eabi/4.9.3/armv7-m\libgcc.a(_arm_addsubsf3.o)
__aeabi_cdcmpeq                                   d:/sourcecontrol/gitrepos/gbd.embedded.dotmbed/deps/gcc-arm-none-eabi/bin/../lib/gcc/arm-none-eabi/4.9.3/armv7-m\libgcc.a(_arm_cmpdf2.o)
__aeabi_cdcmple                                   d:/sourcecontrol/gitrepos/gbd.embedded.dotmbed/deps/gcc-arm-none-eabi/bin/../lib/gcc/arm-none-eabi/4.9.3/armv7-m\libgcc.a(_arm_cmpdf2.o)
__aeabi_cdrcmple                                  d:/sourcecontrol/gitrepos/gbd.embedded.dotmbed/deps/gcc-arm-none-eabi/bin/../lib/gcc/arm-none-eabi/4.9.3/armv7-m\libgcc.a(_arm_cmpdf2.o)
__aeabi_cfcmpeq                                   d:/sourcecontrol/gitrepos/gbd.embedded.dotmbed/deps/gcc-arm-none-eabi/bin/../lib/gcc/arm-none-eabi/4.9.3/armv7-m\libgcc.a(_arm_cmpsf2.o)
__aeabi_cfcmple                                   d:/sourcecontrol/gitrepos/gbd.embedded.dotmbed/deps/gcc-arm-none-eabi/bin/../lib/gcc/arm-none-eabi/4.9.3/armv7-m\libgcc.a(_arm_cmpsf2.o)
__aeabi_cfrcmple                                  d:/sourcecontrol/gitrepos/gbd.embedded.dotmbed/deps/gcc-arm-none-eabi/bin/../lib/gcc/arm-none-eabi/4.9.3/armv7-m\libgcc.a(_arm_cmpsf2.o)
__aeabi_d2iz                                      d:/sourcecontrol/gitrepos/gbd.embedded.dotmbed/deps/gcc-arm-none-eabi/bin/../lib/gcc/arm-none-eabi/4.9.3/armv7-m\libgcc.a(_arm_fixdfsi.o)
                                                  ../../deps/mbed/Release/NXP_LPC1347/mbed.a(spi_api.o)
__aeabi_dadd                                      d:/sourcecontrol/gitrepos/gbd.embedded.dotmbed/deps/gcc-arm-none-eabi/bin/../lib/gcc/arm-none-eabi/4.9.3/armv7-m\libgcc.a(_arm_addsubdf3.o)
                                                  d:/sourcecontrol/gitrepos/gbd.embedded.dotmbed/deps/gcc-arm-none-eabi/bin/../lib/gcc/arm-none-eabi/4.9.3/../../../../arm-none-eabi/lib/armv7-m\libm.a(lib_a-s_floor.o)
__aeabi_dcmpeq                                    d:/sourcecontrol/gitrepos/gbd.embedded.dotmbed/deps/gcc-arm-none-eabi/bin/../lib/gcc/arm-none-eabi/4.9.3/armv7-m\libgcc.a(_arm_cmpdf2.o)
__aeabi_dcmpge                                    d:/sourcecontrol/gitrepos/gbd.embedded.dotmbed/deps/gcc-arm-none-eabi/bin/../lib/gcc/arm-none-eabi/4.9.3/armv7-m\libgcc.a(_arm_cmpdf2.o)
__aeabi_dcmpgt                                    d:/sourcecontrol/gitrepos/gbd.embedded.dotmbed/deps/gcc-arm-none-eabi/bin/../lib/gcc/arm-none-eabi/4.9.3/armv7-m\libgcc.a(_arm_cmpdf2.o)
                                                  d:/sourcecontrol/gitrepos/gbd.embedded.dotmbed/deps/gcc-arm-none-eabi/bin/../lib/gcc/arm-none-eabi/4.9.3/../../../../arm-none-eabi/lib/armv7-m\libm.a(lib_a-s_floor.o)
__aeabi_dcmple                                    d:/sourcecontrol/gitrepos/gbd.embedded.dotmbed/deps/gcc-arm-none-eabi/bin/../lib/gcc/arm-none-eabi/4.9.3/armv7-m\libgcc.a(_arm_cmpdf2.o)
__aeabi_dcmplt                                    d:/sourcecontrol/gitrepos/gbd.embedded.dotmbed/deps/gcc-arm-none-eabi/bin/../lib/gcc/arm-none-eabi/4.9.3/armv7-m\libgcc.a(_arm_cmpdf2.o)
__aeabi_drsub                                     d:/sourcecontrol/gitrepos/gbd.embedded.dotmbed/deps/gcc-arm-none-eabi/bin/../lib/gcc/arm-none-eabi/4.9.3/armv7-m\libgcc.a(_arm_addsubdf3.o)
__aeabi_dsub                                      d:/sourcecontrol/gitrepos/gbd.embedded.dotmbed/deps/gcc-arm-none-eabi/bin/../lib/gcc/arm-none-eabi/4.9.3/armv7-m\libgcc.a(_arm_addsubdf3.o)
__aeabi_f2d                                       d:/sourcecontrol/gitrepos/gbd.embedded.dotmbed/deps/gcc-arm-none-eabi/bin/../lib/gcc/arm-none-eabi/4.9.3/armv7-m\libgcc.a(_arm_addsubdf3.o)
                                                  ../../deps/mbed/Release/NXP_LPC1347/mbed.a(spi_api.o)
__aeabi_f2iz                                      d:/sourcecontrol/gitrepos/gbd.embedded.dotmbed/deps/gcc-arm-none-eabi/bin/../lib/gcc/arm-none-eabi/4.9.3/armv7-m\libgcc.a(_arm_fixsfsi.o)
                                                  ../../deps/mbed/Release/NXP_LPC1347/mbed.a(pwmout_api.o)
                                                  ../../deps/mbed/Release/NXP_LPC1347/mbed.a(wait_api.o)
__aeabi_f2uiz                                     d:/sourcecontrol/gitrepos/gbd.embedded.dotmbed/deps/gcc-arm-none-eabi/bin/../lib/gcc/arm-none-eabi/4.9.3/armv7-m\libgcc.a(_arm_fixunssfsi.o)
                                                  ../../deps/mbed/Release/NXP_LPC1347/mbed.a(pwmout_api.o)
__aeabi_fadd                                      d:/sourcecontrol/gitrepos/gbd.embedded.dotmbed/deps/gcc-arm-none-eabi/bin/../lib/gcc/arm-none-eabi/4.9.3/armv7-m\libgcc.a(_arm_addsubsf3.o)
                                                  ../../deps/mbed/Release/NXP_LPC1347/mbed.a(spi_api.o)
__aeabi_fcmpeq                                    d:/sourcecontrol/gitrepos/gbd.embedded.dotmbed/deps/gcc-arm-none-eabi/bin/../lib/gcc/arm-none-eabi/4.9.3/armv7-m\libgcc.a(_arm_cmpsf2.o)
__aeabi_fcmpge                                    d:/sourcecontrol/gitrepos/gbd.embedded.dotmbed/deps/gcc-arm-none-eabi/bin/../lib/gcc/arm-none-eabi/4.9.3/armv7-m\libgcc.a(_arm_cmpsf2.o)
__aeabi_fcmpgt                                    d:/sourcecontrol/gitrepos/gbd.embedded.dotmbed/deps/gcc-arm-none-eabi/bin/../lib/gcc/arm-none-eabi/4.9.3/armv7-m\libgcc.a(_arm_cmpsf2.o)
                                                  ../../deps/mbed/Release/NXP_LPC1347/mbed.a(pwmout_api.o)
__aeabi_fcmple                                    d:/sourcecontrol/gitrepos/gbd.embedded.dotmbed/deps/gcc-arm-none-eabi/bin/../lib/gcc/arm-none-eabi/4.9.3/armv7-m\libgcc.a(_arm_cmpsf2.o)
__aeabi_fcmplt                                    d:/sourcecontrol/gitrepos/gbd.embedded.dotmbed/deps/gcc-arm-none-eabi/bin/../lib/gcc/arm-none-eabi/4.9.3/armv7-m\libgcc.a(_arm_cmpsf2.o)
                                                  ../../deps/mbed/Release/NXP_LPC1347/mbed.a(pwmout_api.o)
__aeabi_fdiv                                      d:/sourcecontrol/gitrepos/gbd.embedded.dotmbed/deps/gcc-arm-none-eabi/bin/../lib/gcc/arm-none-eabi/4.9.3/armv7-m\libgcc.a(_arm_muldivsf3.o)
                                                  ../../deps/mbed/Release/NXP_LPC1347/mbed.a(Timer.o)
                                                  ../../deps/mbed/Release/NXP_LPC1347/mbed.a(spi_api.o)
                                                  ../../deps/mbed/Release/NXP_LPC1347/mbed.a(pwmout_api.o)
__aeabi_fmul                                      d:/sourcecontrol/gitrepos/gbd.embedded.dotmbed/deps/gcc-arm-none-eabi/bin/../lib/gcc/arm-none-eabi/4.9.3/armv7-m\libgcc.a(_arm_muldivsf3.o)
                                                  ../../deps/mbed/Release/NXP_LPC1347/mbed.a(pwmout_api.o)
                                                  ../../deps/mbed/Release/NXP_LPC1347/mbed.a(analogin_api.o)
                                                  ../../deps/mbed/Release/NXP_LPC1347/mbed.a(wait_api.o)
__aeabi_frsub                                     d:/sourcecontrol/gitrepos/gbd.embedded.dotmbed/deps/gcc-arm-none-eabi/bin/../lib/gcc/arm-none-eabi/4.9.3/armv7-m\libgcc.a(_arm_addsubsf3.o)
__aeabi_fsub                                      d:/sourcecontrol/gitrepos/gbd.embedded.dotmbed/deps/gcc-arm-none-eabi/bin/../lib/gcc/arm-none-eabi/4.9.3/armv7-m\libgcc.a(_arm_addsubsf3.o)
__aeabi_i2d                                       d:/sourcecontrol/gitrepos/gbd.embedded.dotmbed/deps/gcc-arm-none-eabi/bin/../lib/gcc/arm-none-eabi/4.9.3/armv7-m\libgcc.a(_arm_addsubdf3.o)
__aeabi_i2f                                       d:/sourcecontrol/gitrepos/gbd.embedded.dotmbed/deps/gcc-arm-none-eabi/bin/../lib/gcc/arm-none-eabi/4.9.3/armv7-m\libgcc.a(_arm_addsubsf3.o)
                                                  ../../deps/mbed/Release/NXP_LPC1347/mbed.a(Timer.o)
                                                  ../../deps/mbed/Release/NXP_LPC1347/mbed.a(spi_api.o)
__aeabi_idiv0                                     d:/sourcecontrol/gitrepos/gbd.embedded.dotmbed/deps/gcc-arm-none-eabi/bin/../lib/gcc/arm-none-eabi/4.9.3/armv7-m\libgcc.a(_dvmd_tls.o)
__aeabi_l2d                                       d:/sourcecontrol/gitrepos/gbd.embedded.dotmbed/deps/gcc-arm-none-eabi/bin/../lib/gcc/arm-none-eabi/4.9.3/armv7-m\libgcc.a(_arm_addsubdf3.o)
__aeabi_l2f                                       d:/sourcecontrol/gitrepos/gbd.embedded.dotmbed/deps/gcc-arm-none-eabi/bin/../lib/gcc/arm-none-eabi/4.9.3/armv7-m\libgcc.a(_arm_addsubsf3.o)
__aeabi_ldiv0                                     d:/sourcecontrol/gitrepos/gbd.embedded.dotmbed/deps/gcc-arm-none-eabi/bin/../lib/gcc/arm-none-eabi/4.9.3/armv7-m\libgcc.a(_dvmd_tls.o)
                                                  d:/sourcecontrol/gitrepos/gbd.embedded.dotmbed/deps/gcc-arm-none-eabi/bin/../lib/gcc/arm-none-eabi/4.9.3/armv7-m\libgcc.a(_aeabi_uldivmod.o)
__aeabi_ui2d                                      d:/sourcecontrol/gitrepos/gbd.embedded.dotmbed/deps/gcc-arm-none-eabi/bin/../lib/gcc/arm-none-eabi/4.9.3/armv7-m\libgcc.a(_arm_addsubdf3.o)
__aeabi_ui2f                                      d:/sourcecontrol/gitrepos/gbd.embedded.dotmbed/deps/gcc-arm-none-eabi/bin/../lib/gcc/arm-none-eabi/4.9.3/armv7-m\libgcc.a(_arm_addsubsf3.o)
                                                  ../../deps/mbed/Release/NXP_LPC1347/mbed.a(pwmout_api.o)
                                                  ../../deps/mbed/Release/NXP_LPC1347/mbed.a(analogin_api.o)
__aeabi_ul2d                                      d:/sourcecontrol/gitrepos/gbd.embedded.dotmbed/deps/gcc-arm-none-eabi/bin/../lib/gcc/arm-none-eabi/4.9.3/armv7-m\libgcc.a(_arm_addsubdf3.o)
__aeabi_ul2f                                      d:/sourcecontrol/gitrepos/gbd.embedded.dotmbed/deps/gcc-arm-none-eabi/bin/../lib/gcc/arm-none-eabi/4.9.3/armv7-m\libgcc.a(_arm_addsubsf3.o)
__aeabi_uldivmod                                  d:/sourcecontrol/gitrepos/gbd.embedded.dotmbed/deps/gcc-arm-none-eabi/bin/../lib/gcc/arm-none-eabi/4.9.3/armv7-m\libgcc.a(_aeabi_uldivmod.o)
                                                  ../../deps/mbed/Release/NXP_LPC1347/mbed.a(pwmout_api.o)
__bss_end__                                       LPC1347/gcc4mbed.o
__bss_start__                                     LPC1347/gcc4mbed.o
__call_exitprocs                                  d:/sourcecontrol/gitrepos/gbd.embedded.dotmbed/deps/gcc-arm-none-eabi/bin/../lib/gcc/arm-none-eabi/4.9.3/../../../../arm-none-eabi/lib/armv7-m\libc_nano.a(lib_a-exit.o)
__cmpdf2                                          d:/sourcecontrol/gitrepos/gbd.embedded.dotmbed/deps/gcc-arm-none-eabi/bin/../lib/gcc/arm-none-eabi/4.9.3/armv7-m\libgcc.a(_arm_cmpdf2.o)
__cmpsf2                                          d:/sourcecontrol/gitrepos/gbd.embedded.dotmbed/deps/gcc-arm-none-eabi/bin/../lib/gcc/arm-none-eabi/4.9.3/armv7-m\libgcc.a(_arm_cmpsf2.o)
__ctype_ptr__                                     d:/sourcecontrol/gitrepos/gbd.embedded.dotmbed/deps/gcc-arm-none-eabi/bin/../lib/gcc/arm-none-eabi/4.9.3/../../../../arm-none-eabi/lib/armv7-m\libc_nano.a(lib_a-ctype_.o)
                                                  d:/sourcecontrol/gitrepos/gbd.embedded.dotmbed/deps/gcc-arm-none-eabi/bin/../lib/gcc/arm-none-eabi/4.9.3/../../../../arm-none-eabi/lib/armv7-m\libc_nano.a(lib_a-nano-svfscanf.o)
                                                  d:/sourcecontrol/gitrepos/gbd.embedded.dotmbed/deps/gcc-arm-none-eabi/bin/../lib/gcc/arm-none-eabi/4.9.3/../../../../arm-none-eabi/lib/armv7-m\libc_nano.a(lib_a-strtoul.o)
                                                  d:/sourcecontrol/gitrepos/gbd.embedded.dotmbed/deps/gcc-arm-none-eabi/bin/../lib/gcc/arm-none-eabi/4.9.3/../../../../arm-none-eabi/lib/armv7-m\libc_nano.a(lib_a-strtol.o)
                                                  d:/sourcecontrol/gitrepos/gbd.embedded.dotmbed/deps/gcc-arm-none-eabi/bin/../lib/gcc/arm-none-eabi/4.9.3/../../../../arm-none-eabi/lib/armv7-m\libc_nano.a(lib_a-nano-vfscanf_i.o)
                                                  d:/sourcecontrol/gitrepos/gbd.embedded.dotmbed/deps/gcc-arm-none-eabi/bin/../lib/gcc/arm-none-eabi/4.9.3/../../../../arm-none-eabi/lib/armv7-m\libc_nano.a(lib_a-nano-vfscanf.o)
__cxa_pure_virtual                                LPC1347/gcc4mbed.o
                                                  ../../deps/mbed/Release/NXP_LPC1347/mbed.a(TimerEvent.o)
                                                  ../../deps/mbed/Release/NXP_LPC1347/mbed.a(Stream.o)
                                                  ../../deps/mbed/Release/NXP_LPC1347/mbed.a(FileSystemLike.o)
                                                  ../../deps/mbed/Release/NXP_LPC1347/mbed.a(FileLike.o)
__data_end__                                      ../../deps/mbed/Release/NXP_LPC1347/mbed.a(startup_LPC13xx.o)
__data_start__                                    ../../deps/mbed/Release/NXP_LPC1347/mbed.a(startup_LPC13xx.o)
__deregister_frame_info                           d:/sourcecontrol/gitrepos/gbd.embedded.dotmbed/deps/gcc-arm-none-eabi/bin/../lib/gcc/arm-none-eabi/4.9.3/armv7-m/crtbegin.o
__divdi3                                          d:/sourcecontrol/gitrepos/gbd.embedded.dotmbed/deps/gcc-arm-none-eabi/bin/../lib/gcc/arm-none-eabi/4.9.3/armv7-m\libgcc.a(_divdi3.o)
                                                  d:/sourcecontrol/gitrepos/gbd.embedded.dotmbed/deps/gcc-arm-none-eabi/bin/../lib/gcc/arm-none-eabi/4.9.3/armv7-m\libgcc.a(bpabi.o)
__divsf3                                          d:/sourcecontrol/gitrepos/gbd.embedded.dotmbed/deps/gcc-arm-none-eabi/bin/../lib/gcc/arm-none-eabi/4.9.3/armv7-m\libgcc.a(_arm_muldivsf3.o)
__dso_handle                                      d:/sourcecontrol/gitrepos/gbd.embedded.dotmbed/deps/gcc-arm-none-eabi/bin/../lib/gcc/arm-none-eabi/4.9.3/armv7-m/crtbegin.o
__end__                                           ../../deps/mbed/Release/NXP_LPC1347/mbed.a(retarget.o)
__eqdf2                                           d:/sourcecontrol/gitrepos/gbd.embedded.dotmbed/deps/gcc-arm-none-eabi/bin/../lib/gcc/arm-none-eabi/4.9.3/armv7-m\libgcc.a(_arm_cmpdf2.o)
__eqsf2                                           d:/sourcecontrol/gitrepos/gbd.embedded.dotmbed/deps/gcc-arm-none-eabi/bin/../lib/gcc/arm-none-eabi/4.9.3/armv7-m\libgcc.a(_arm_cmpsf2.o)
__errno                                           d:/sourcecontrol/gitrepos/gbd.embedded.dotmbed/deps/gcc-arm-none-eabi/bin/../lib/gcc/arm-none-eabi/4.9.3/../../../../arm-none-eabi/lib/armv7-m\libc_nano.a(lib_a-errno.o)
                                                  ../../deps/mbed/Release/NXP_LPC1347/mbed.a(retarget.o)
__etext                                           ../../deps/mbed/Release/NXP_LPC1347/mbed.a(startup_LPC13xx.o)
__extendsfdf2                                     d:/sourcecontrol/gitrepos/gbd.embedded.dotmbed/deps/gcc-arm-none-eabi/bin/../lib/gcc/arm-none-eabi/4.9.3/armv7-m\libgcc.a(_arm_addsubdf3.o)
__fixdfsi                                         d:/sourcecontrol/gitrepos/gbd.embedded.dotmbed/deps/gcc-arm-none-eabi/bin/../lib/gcc/arm-none-eabi/4.9.3/armv7-m\libgcc.a(_arm_fixdfsi.o)
__fixsfsi                                         d:/sourcecontrol/gitrepos/gbd.embedded.dotmbed/deps/gcc-arm-none-eabi/bin/../lib/gcc/arm-none-eabi/4.9.3/armv7-m\libgcc.a(_arm_fixsfsi.o)
__fixunssfsi                                      d:/sourcecontrol/gitrepos/gbd.embedded.dotmbed/deps/gcc-arm-none-eabi/bin/../lib/gcc/arm-none-eabi/4.9.3/armv7-m\libgcc.a(_arm_fixunssfsi.o)
__floatdidf                                       d:/sourcecontrol/gitrepos/gbd.embedded.dotmbed/deps/gcc-arm-none-eabi/bin/../lib/gcc/arm-none-eabi/4.9.3/armv7-m\libgcc.a(_arm_addsubdf3.o)
__floatdisf                                       d:/sourcecontrol/gitrepos/gbd.embedded.dotmbed/deps/gcc-arm-none-eabi/bin/../lib/gcc/arm-none-eabi/4.9.3/armv7-m\libgcc.a(_arm_addsubsf3.o)
__floatsidf                                       d:/sourcecontrol/gitrepos/gbd.embedded.dotmbed/deps/gcc-arm-none-eabi/bin/../lib/gcc/arm-none-eabi/4.9.3/armv7-m\libgcc.a(_arm_addsubdf3.o)
__floatsisf                                       d:/sourcecontrol/gitrepos/gbd.embedded.dotmbed/deps/gcc-arm-none-eabi/bin/../lib/gcc/arm-none-eabi/4.9.3/armv7-m\libgcc.a(_arm_addsubsf3.o)
__floatundidf                                     d:/sourcecontrol/gitrepos/gbd.embedded.dotmbed/deps/gcc-arm-none-eabi/bin/../lib/gcc/arm-none-eabi/4.9.3/armv7-m\libgcc.a(_arm_addsubdf3.o)
__floatundisf                                     d:/sourcecontrol/gitrepos/gbd.embedded.dotmbed/deps/gcc-arm-none-eabi/bin/../lib/gcc/arm-none-eabi/4.9.3/armv7-m\libgcc.a(_arm_addsubsf3.o)
__floatunsidf                                     d:/sourcecontrol/gitrepos/gbd.embedded.dotmbed/deps/gcc-arm-none-eabi/bin/../lib/gcc/arm-none-eabi/4.9.3/armv7-m\libgcc.a(_arm_addsubdf3.o)
__floatunsisf                                     d:/sourcecontrol/gitrepos/gbd.embedded.dotmbed/deps/gcc-arm-none-eabi/bin/../lib/gcc/arm-none-eabi/4.9.3/armv7-m\libgcc.a(_arm_addsubsf3.o)
__fp_lock_all                                     d:/sourcecontrol/gitrepos/gbd.embedded.dotmbed/deps/gcc-arm-none-eabi/bin/../lib/gcc/arm-none-eabi/4.9.3/../../../../arm-none-eabi/lib/armv7-m\libc_nano.a(lib_a-findfp.o)
__fp_unlock_all                                   d:/sourcecontrol/gitrepos/gbd.embedded.dotmbed/deps/gcc-arm-none-eabi/bin/../lib/gcc/arm-none-eabi/4.9.3/../../../../arm-none-eabi/lib/armv7-m\libc_nano.a(lib_a-findfp.o)
__gedf2                                           d:/sourcecontrol/gitrepos/gbd.embedded.dotmbed/deps/gcc-arm-none-eabi/bin/../lib/gcc/arm-none-eabi/4.9.3/armv7-m\libgcc.a(_arm_cmpdf2.o)
__gesf2                                           d:/sourcecontrol/gitrepos/gbd.embedded.dotmbed/deps/gcc-arm-none-eabi/bin/../lib/gcc/arm-none-eabi/4.9.3/armv7-m\libgcc.a(_arm_cmpsf2.o)
__gnu_cxx::__verbose_terminate_handler()          ../../deps/mbed/Release/NXP_LPC1347/mbed.a(retarget.o)
__gnu_ldivmod_helper                              d:/sourcecontrol/gitrepos/gbd.embedded.dotmbed/deps/gcc-arm-none-eabi/bin/../lib/gcc/arm-none-eabi/4.9.3/armv7-m\libgcc.a(bpabi.o)
__gnu_uldivmod_helper                             d:/sourcecontrol/gitrepos/gbd.embedded.dotmbed/deps/gcc-arm-none-eabi/bin/../lib/gcc/arm-none-eabi/4.9.3/armv7-m\libgcc.a(bpabi.o)
                                                  d:/sourcecontrol/gitrepos/gbd.embedded.dotmbed/deps/gcc-arm-none-eabi/bin/../lib/gcc/arm-none-eabi/4.9.3/armv7-m\libgcc.a(_aeabi_uldivmod.o)
__gtdf2                                           d:/sourcecontrol/gitrepos/gbd.embedded.dotmbed/deps/gcc-arm-none-eabi/bin/../lib/gcc/arm-none-eabi/4.9.3/armv7-m\libgcc.a(_arm_cmpdf2.o)
__gtsf2                                           d:/sourcecontrol/gitrepos/gbd.embedded.dotmbed/deps/gcc-arm-none-eabi/bin/../lib/gcc/arm-none-eabi/4.9.3/armv7-m\libgcc.a(_arm_cmpsf2.o)
__init_array_end                                  d:/sourcecontrol/gitrepos/gbd.embedded.dotmbed/deps/gcc-arm-none-eabi/bin/../lib/gcc/arm-none-eabi/4.9.3/../../../../arm-none-eabi/lib/armv7-m\libc_nano.a(lib_a-init.o)